<!doctype html public "-//w3c//dtd html 4.0 transitional//en">
<html><head>
<title>Static Call Graph - [design\design.axf]</title></head>
<body><HR>
<H1>Static Call Graph for image design\design.axf</H1><HR>
<BR><P>#&#060CALLGRAPH&#062# ARM Linker, 5060750: Last Updated: Wed Feb 05 15:20:09 2020
<BR><P>
<H3>Maximum Stack Usage =        948 bytes + Unknown(Cycles, Untraceable Function Pointers)</H3><H3>
Call chain for Maximum Stack Depth:</H3>
FrontendApplicationBase::gotoScreen1ScreenNoTransitionImpl() &rArr; T2* touchgfx::makeTransition&lang;Screen1View, Screen1Presenter, touchgfx::NoTransition, Model&rang;(touchgfx::Screen**, touchgfx::Presenter**, touchgfx::MVPHeap&, touchgfx::Transition**, T4*) &rArr; Screen1View::Screen1View() &rArr; Screen1ViewBase::Screen1ViewBase() &rArr; touchgfx::Unicode::snprintf(unsigned short*, unsigned short, const char*, ...) &rArr; touchgfx::Unicode::vsnprintf(unsigned short*, unsigned short, const unsigned short*, std::__va_list) &rArr; touchgfx::Unicode::composeString(const unsigned short*&, unsigned short, const unsigned short*, bool, bool, int, bool, int, bool, int&, unsigned short, unsigned short*)
<P>
<H3>
Mutually Recursive functions
</H3> <LI><a href="#[27]">ADC_IRQHandler</a>&nbsp;&nbsp;&nbsp;&rArr;&nbsp;&nbsp;&nbsp;<a href="#[27]">ADC_IRQHandler</a><BR>
 <LI><a href="#[332]">touchgfx::CWRUtil::arcsine(touchgfx::CWRUtil::Q10)</a>&nbsp;&nbsp;&nbsp;&rArr;&nbsp;&nbsp;&nbsp;<a href="#[332]">touchgfx::CWRUtil::arcsine(touchgfx::CWRUtil::Q10)</a><BR>
 <LI><a href="#[21b]">touchgfx::CWRUtil::_angle(touchgfx::CWRUtil::Q5, touchgfx::CWRUtil::Q5, touchgfx::CWRUtil::Q5&)</a>&nbsp;&nbsp;&nbsp;&rArr;&nbsp;&nbsp;&nbsp;<a href="#[21b]">touchgfx::CWRUtil::_angle(touchgfx::CWRUtil::Q5, touchgfx::CWRUtil::Q5, touchgfx::CWRUtil::Q5&)</a><BR>
 <LI><a href="#[224]">touchgfx::Screen::JSMOC(const touchgfx::Rect&, touchgfx::Drawable*)</a>&nbsp;&nbsp;&nbsp;&rArr;&nbsp;&nbsp;&nbsp;<a href="#[224]">touchgfx::Screen::JSMOC(const touchgfx::Rect&, touchgfx::Drawable*)</a><BR>
 <LI><a href="#[f]">BusFault_Handler</a>&nbsp;&nbsp;&nbsp;&rArr;&nbsp;&nbsp;&nbsp;<a href="#[f]">BusFault_Handler</a><BR>
 <LI><a href="#[d]">HardFault_Handler</a>&nbsp;&nbsp;&nbsp;&rArr;&nbsp;&nbsp;&nbsp;<a href="#[d]">HardFault_Handler</a><BR>
 <LI><a href="#[e]">MemManage_Handler</a>&nbsp;&nbsp;&nbsp;&rArr;&nbsp;&nbsp;&nbsp;<a href="#[e]">MemManage_Handler</a><BR>
 <LI><a href="#[10]">UsageFault_Handler</a>&nbsp;&nbsp;&nbsp;&rArr;&nbsp;&nbsp;&nbsp;<a href="#[10]">UsageFault_Handler</a><BR>
</UL>
<P>
<H3>
Function Pointers
</H3><UL>
 <LI><a href="#[27]">ADC_IRQHandler</a> from startup_stm32f429xx.o(.text) referenced from startup_stm32f429xx.o(RESET)
 <LI><a href="#[f]">BusFault_Handler</a> from stm32f4xx_it.o(i.BusFault_Handler) referenced from startup_stm32f429xx.o(RESET)
 <LI><a href="#[29]">CAN1_RX0_IRQHandler</a> from startup_stm32f429xx.o(.text) referenced from startup_stm32f429xx.o(RESET)
 <LI><a href="#[2a]">CAN1_RX1_IRQHandler</a> from startup_stm32f429xx.o(.text) referenced from startup_stm32f429xx.o(RESET)
 <LI><a href="#[2b]">CAN1_SCE_IRQHandler</a> from startup_stm32f429xx.o(.text) referenced from startup_stm32f429xx.o(RESET)
 <LI><a href="#[28]">CAN1_TX_IRQHandler</a> from startup_stm32f429xx.o(.text) referenced from startup_stm32f429xx.o(RESET)
 <LI><a href="#[55]">CAN2_RX0_IRQHandler</a> from startup_stm32f429xx.o(.text) referenced from startup_stm32f429xx.o(RESET)
 <LI><a href="#[56]">CAN2_RX1_IRQHandler</a> from startup_stm32f429xx.o(.text) referenced from startup_stm32f429xx.o(RESET)
 <LI><a href="#[57]">CAN2_SCE_IRQHandler</a> from startup_stm32f429xx.o(.text) referenced from startup_stm32f429xx.o(RESET)
 <LI><a href="#[54]">CAN2_TX_IRQHandler</a> from startup_stm32f429xx.o(.text) referenced from startup_stm32f429xx.o(RESET)
 <LI><a href="#[63]">DCMI_IRQHandler</a> from startup_stm32f429xx.o(.text) referenced from startup_stm32f429xx.o(RESET)
 <LI><a href="#[20]">DMA1_Stream0_IRQHandler</a> from startup_stm32f429xx.o(.text) referenced from startup_stm32f429xx.o(RESET)
 <LI><a href="#[21]">DMA1_Stream1_IRQHandler</a> from startup_stm32f429xx.o(.text) referenced from startup_stm32f429xx.o(RESET)
 <LI><a href="#[22]">DMA1_Stream2_IRQHandler</a> from startup_stm32f429xx.o(.text) referenced from startup_stm32f429xx.o(RESET)
 <LI><a href="#[23]">DMA1_Stream3_IRQHandler</a> from startup_stm32f429xx.o(.text) referenced from startup_stm32f429xx.o(RESET)
 <LI><a href="#[24]">DMA1_Stream4_IRQHandler</a> from startup_stm32f429xx.o(.text) referenced from startup_stm32f429xx.o(RESET)
 <LI><a href="#[25]">DMA1_Stream5_IRQHandler</a> from startup_stm32f429xx.o(.text) referenced from startup_stm32f429xx.o(RESET)
 <LI><a href="#[26]">DMA1_Stream6_IRQHandler</a> from startup_stm32f429xx.o(.text) referenced from startup_stm32f429xx.o(RESET)
 <LI><a href="#[44]">DMA1_Stream7_IRQHandler</a> from startup_stm32f429xx.o(.text) referenced from startup_stm32f429xx.o(RESET)
 <LI><a href="#[6e]">DMA2D_IRQHandler</a> from stm32f4xx_it.o(i.DMA2D_IRQHandler) referenced from startup_stm32f429xx.o(RESET)
 <LI><a href="#[4d]">DMA2_Stream0_IRQHandler</a> from startup_stm32f429xx.o(.text) referenced from startup_stm32f429xx.o(RESET)
 <LI><a href="#[4e]">DMA2_Stream1_IRQHandler</a> from startup_stm32f429xx.o(.text) referenced from startup_stm32f429xx.o(RESET)
 <LI><a href="#[4f]">DMA2_Stream2_IRQHandler</a> from startup_stm32f429xx.o(.text) referenced from startup_stm32f429xx.o(RESET)
 <LI><a href="#[50]">DMA2_Stream3_IRQHandler</a> from startup_stm32f429xx.o(.text) referenced from startup_stm32f429xx.o(RESET)
 <LI><a href="#[51]">DMA2_Stream4_IRQHandler</a> from startup_stm32f429xx.o(.text) referenced from startup_stm32f429xx.o(RESET)
 <LI><a href="#[59]">DMA2_Stream5_IRQHandler</a> from startup_stm32f429xx.o(.text) referenced from startup_stm32f429xx.o(RESET)
 <LI><a href="#[5a]">DMA2_Stream6_IRQHandler</a> from startup_stm32f429xx.o(.text) referenced from startup_stm32f429xx.o(RESET)
 <LI><a href="#[5b]">DMA2_Stream7_IRQHandler</a> from startup_stm32f429xx.o(.text) referenced from startup_stm32f429xx.o(RESET)
 <LI><a href="#[12]">DebugMon_Handler</a> from stm32f4xx_it.o(i.DebugMon_Handler) referenced from startup_stm32f429xx.o(RESET)
 <LI><a href="#[52]">ETH_IRQHandler</a> from startup_stm32f429xx.o(.text) referenced from startup_stm32f429xx.o(RESET)
 <LI><a href="#[53]">ETH_WKUP_IRQHandler</a> from startup_stm32f429xx.o(.text) referenced from startup_stm32f429xx.o(RESET)
 <LI><a href="#[1b]">EXTI0_IRQHandler</a> from startup_stm32f429xx.o(.text) referenced from startup_stm32f429xx.o(RESET)
 <LI><a href="#[3d]">EXTI15_10_IRQHandler</a> from startup_stm32f429xx.o(.text) referenced from startup_stm32f429xx.o(RESET)
 <LI><a href="#[1c]">EXTI1_IRQHandler</a> from startup_stm32f429xx.o(.text) referenced from startup_stm32f429xx.o(RESET)
 <LI><a href="#[1d]">EXTI2_IRQHandler</a> from startup_stm32f429xx.o(.text) referenced from startup_stm32f429xx.o(RESET)
 <LI><a href="#[1e]">EXTI3_IRQHandler</a> from startup_stm32f429xx.o(.text) referenced from startup_stm32f429xx.o(RESET)
 <LI><a href="#[1f]">EXTI4_IRQHandler</a> from startup_stm32f429xx.o(.text) referenced from startup_stm32f429xx.o(RESET)
 <LI><a href="#[2c]">EXTI9_5_IRQHandler</a> from startup_stm32f429xx.o(.text) referenced from startup_stm32f429xx.o(RESET)
 <LI><a href="#[19]">FLASH_IRQHandler</a> from startup_stm32f429xx.o(.text) referenced from startup_stm32f429xx.o(RESET)
 <LI><a href="#[45]">FMC_IRQHandler</a> from startup_stm32f429xx.o(.text) referenced from startup_stm32f429xx.o(RESET)
 <LI><a href="#[65]">FPU_IRQHandler</a> from startup_stm32f429xx.o(.text) referenced from startup_stm32f429xx.o(RESET)
 <LI><a href="#[64]">HASH_RNG_IRQHandler</a> from startup_stm32f429xx.o(.text) referenced from startup_stm32f429xx.o(RESET)
 <LI><a href="#[d]">HardFault_Handler</a> from stm32f4xx_it.o(i.HardFault_Handler) referenced from startup_stm32f429xx.o(RESET)
 <LI><a href="#[35]">I2C1_ER_IRQHandler</a> from startup_stm32f429xx.o(.text) referenced from startup_stm32f429xx.o(RESET)
 <LI><a href="#[34]">I2C1_EV_IRQHandler</a> from startup_stm32f429xx.o(.text) referenced from startup_stm32f429xx.o(RESET)
 <LI><a href="#[37]">I2C2_ER_IRQHandler</a> from startup_stm32f429xx.o(.text) referenced from startup_stm32f429xx.o(RESET)
 <LI><a href="#[36]">I2C2_EV_IRQHandler</a> from startup_stm32f429xx.o(.text) referenced from startup_stm32f429xx.o(RESET)
 <LI><a href="#[5e]">I2C3_ER_IRQHandler</a> from startup_stm32f429xx.o(.text) referenced from startup_stm32f429xx.o(RESET)
 <LI><a href="#[5d]">I2C3_EV_IRQHandler</a> from startup_stm32f429xx.o(.text) referenced from startup_stm32f429xx.o(RESET)
 <LI><a href="#[6d]">LTDC_ER_IRQHandler</a> from stm32f4xx_it.o(i.LTDC_ER_IRQHandler) referenced from startup_stm32f429xx.o(RESET)
 <LI><a href="#[6c]">LTDC_IRQHandler</a> from stm32f4xx_it.o(i.LTDC_IRQHandler) referenced from startup_stm32f429xx.o(RESET)
 <LI><a href="#[e]">MemManage_Handler</a> from stm32f4xx_it.o(i.MemManage_Handler) referenced from startup_stm32f429xx.o(RESET)
 <LI><a href="#[c]">NMI_Handler</a> from stm32f4xx_it.o(i.NMI_Handler) referenced from startup_stm32f429xx.o(RESET)
 <LI><a href="#[58]">OTG_FS_IRQHandler</a> from startup_stm32f429xx.o(.text) referenced from startup_stm32f429xx.o(RESET)
 <LI><a href="#[3f]">OTG_FS_WKUP_IRQHandler</a> from startup_stm32f429xx.o(.text) referenced from startup_stm32f429xx.o(RESET)
 <LI><a href="#[60]">OTG_HS_EP1_IN_IRQHandler</a> from startup_stm32f429xx.o(.text) referenced from startup_stm32f429xx.o(RESET)
 <LI><a href="#[5f]">OTG_HS_EP1_OUT_IRQHandler</a> from startup_stm32f429xx.o(.text) referenced from startup_stm32f429xx.o(RESET)
 <LI><a href="#[62]">OTG_HS_IRQHandler</a> from startup_stm32f429xx.o(.text) referenced from startup_stm32f429xx.o(RESET)
 <LI><a href="#[61]">OTG_HS_WKUP_IRQHandler</a> from startup_stm32f429xx.o(.text) referenced from startup_stm32f429xx.o(RESET)
 <LI><a href="#[16]">PVD_IRQHandler</a> from startup_stm32f429xx.o(.text) referenced from startup_stm32f429xx.o(RESET)
 <LI><a href="#[13]">PendSV_Handler</a> from port.o(.emb_text) referenced from startup_stm32f429xx.o(RESET)
 <LI><a href="#[1a]">RCC_IRQHandler</a> from startup_stm32f429xx.o(.text) referenced from startup_stm32f429xx.o(RESET)
 <LI><a href="#[3e]">RTC_Alarm_IRQHandler</a> from startup_stm32f429xx.o(.text) referenced from startup_stm32f429xx.o(RESET)
 <LI><a href="#[18]">RTC_WKUP_IRQHandler</a> from startup_stm32f429xx.o(.text) referenced from startup_stm32f429xx.o(RESET)
 <LI><a href="#[b]">Reset_Handler</a> from startup_stm32f429xx.o(.text) referenced from startup_stm32f429xx.o(RESET)
 <LI><a href="#[6b]">SAI1_IRQHandler</a> from startup_stm32f429xx.o(.text) referenced from startup_stm32f429xx.o(RESET)
 <LI><a href="#[46]">SDIO_IRQHandler</a> from startup_stm32f429xx.o(.text) referenced from startup_stm32f429xx.o(RESET)
 <LI><a href="#[38]">SPI1_IRQHandler</a> from startup_stm32f429xx.o(.text) referenced from startup_stm32f429xx.o(RESET)
 <LI><a href="#[39]">SPI2_IRQHandler</a> from startup_stm32f429xx.o(.text) referenced from startup_stm32f429xx.o(RESET)
 <LI><a href="#[48]">SPI3_IRQHandler</a> from startup_stm32f429xx.o(.text) referenced from startup_stm32f429xx.o(RESET)
 <LI><a href="#[68]">SPI4_IRQHandler</a> from startup_stm32f429xx.o(.text) referenced from startup_stm32f429xx.o(RESET)
 <LI><a href="#[69]">SPI5_IRQHandler</a> from startup_stm32f429xx.o(.text) referenced from startup_stm32f429xx.o(RESET)
 <LI><a href="#[6a]">SPI6_IRQHandler</a> from startup_stm32f429xx.o(.text) referenced from startup_stm32f429xx.o(RESET)
 <LI><a href="#[11]">SVC_Handler</a> from port.o(.emb_text) referenced from startup_stm32f429xx.o(RESET)
 <LI><a href="#[14]">SysTick_Handler</a> from port.o(i.SysTick_Handler) referenced from startup_stm32f429xx.o(RESET)
 <LI><a href="#[70]">SystemInit</a> from system_stm32f4xx.o(i.SystemInit) referenced from startup_stm32f429xx.o(.text)
 <LI><a href="#[17]">TAMP_STAMP_IRQHandler</a> from startup_stm32f429xx.o(.text) referenced from startup_stm32f429xx.o(RESET)
 <LI><a href="#[2d]">TIM1_BRK_TIM9_IRQHandler</a> from startup_stm32f429xx.o(.text) referenced from startup_stm32f429xx.o(RESET)
 <LI><a href="#[30]">TIM1_CC_IRQHandler</a> from startup_stm32f429xx.o(.text) referenced from startup_stm32f429xx.o(RESET)
 <LI><a href="#[2f]">TIM1_TRG_COM_TIM11_IRQHandler</a> from startup_stm32f429xx.o(.text) referenced from startup_stm32f429xx.o(RESET)
 <LI><a href="#[2e]">TIM1_UP_TIM10_IRQHandler</a> from startup_stm32f429xx.o(.text) referenced from startup_stm32f429xx.o(RESET)
 <LI><a href="#[31]">TIM2_IRQHandler</a> from stm32f4xx_it.o(i.TIM2_IRQHandler) referenced from startup_stm32f429xx.o(RESET)
 <LI><a href="#[32]">TIM3_IRQHandler</a> from stm32f4xx_it.o(i.TIM3_IRQHandler) referenced from startup_stm32f429xx.o(RESET)
 <LI><a href="#[33]">TIM4_IRQHandler</a> from startup_stm32f429xx.o(.text) referenced from startup_stm32f429xx.o(RESET)
 <LI><a href="#[47]">TIM5_IRQHandler</a> from startup_stm32f429xx.o(.text) referenced from startup_stm32f429xx.o(RESET)
 <LI><a href="#[4b]">TIM6_DAC_IRQHandler</a> from startup_stm32f429xx.o(.text) referenced from startup_stm32f429xx.o(RESET)
 <LI><a href="#[4c]">TIM7_IRQHandler</a> from startup_stm32f429xx.o(.text) referenced from startup_stm32f429xx.o(RESET)
 <LI><a href="#[40]">TIM8_BRK_TIM12_IRQHandler</a> from startup_stm32f429xx.o(.text) referenced from startup_stm32f429xx.o(RESET)
 <LI><a href="#[43]">TIM8_CC_IRQHandler</a> from startup_stm32f429xx.o(.text) referenced from startup_stm32f429xx.o(RESET)
 <LI><a href="#[42]">TIM8_TRG_COM_TIM14_IRQHandler</a> from startup_stm32f429xx.o(.text) referenced from startup_stm32f429xx.o(RESET)
 <LI><a href="#[41]">TIM8_UP_TIM13_IRQHandler</a> from startup_stm32f429xx.o(.text) referenced from startup_stm32f429xx.o(RESET)
 <LI><a href="#[49]">UART4_IRQHandler</a> from startup_stm32f429xx.o(.text) referenced from startup_stm32f429xx.o(RESET)
 <LI><a href="#[4a]">UART5_IRQHandler</a> from startup_stm32f429xx.o(.text) referenced from startup_stm32f429xx.o(RESET)
 <LI><a href="#[66]">UART7_IRQHandler</a> from startup_stm32f429xx.o(.text) referenced from startup_stm32f429xx.o(RESET)
 <LI><a href="#[67]">UART8_IRQHandler</a> from startup_stm32f429xx.o(.text) referenced from startup_stm32f429xx.o(RESET)
 <LI><a href="#[3a]">USART1_IRQHandler</a> from startup_stm32f429xx.o(.text) referenced from startup_stm32f429xx.o(RESET)
 <LI><a href="#[3b]">USART2_IRQHandler</a> from startup_stm32f429xx.o(.text) referenced from startup_stm32f429xx.o(RESET)
 <LI><a href="#[3c]">USART3_IRQHandler</a> from startup_stm32f429xx.o(.text) referenced from startup_stm32f429xx.o(RESET)
 <LI><a href="#[5c]">USART6_IRQHandler</a> from startup_stm32f429xx.o(.text) referenced from startup_stm32f429xx.o(RESET)
 <LI><a href="#[10]">UsageFault_Handler</a> from stm32f4xx_it.o(i.UsageFault_Handler) referenced from startup_stm32f429xx.o(RESET)
 <LI><a href="#[15]">WWDG_IRQHandler</a> from startup_stm32f429xx.o(.text) referenced from startup_stm32f429xx.o(RESET)
 <LI><a href="#[85]">StartTask02(const void*)</a> from main.o(i._Z11StartTask02PKv) referenced from main.o(.constdata)
 <LI><a href="#[86]">StartTask03(const void*)</a> from main.o(i._Z11StartTask03PKv) referenced from main.o(.constdata)
 <LI><a href="#[80]">IdleTaskHook(void*)</a> from oswrappers.o(i._Z12IdleTaskHookPv) referenced from oswrappers.o(i.vApplicationIdleHook)
 <LI><a href="#[84]">StartDefaultTask(const void*)</a> from main.o(i._Z16StartDefaultTaskPKv) referenced from main.o(.constdata)
 <LI><a href="#[75]">DMA2D_XferCpltCallback(__DMA2D_HandleTypeDef*)</a> from stm32f4dma.o(i._Z22DMA2D_XferCpltCallbackP21__DMA2D_HandleTypeDef) referenced from stm32f4dma.o(i._ZN10STM32F4DMA10initializeEv)
 <LI><a href="#[76]">DMA2D_XferErrorCallback(__DMA2D_HandleTypeDef*)</a> from stm32f4dma.o(i._Z23DMA2D_XferErrorCallbackP21__DMA2D_HandleTypeDef) referenced from stm32f4dma.o(i._ZN10STM32F4DMA10initializeEv)
 <LI><a href="#[92]">STM32F4DMA::initialize()</a> from stm32f4dma.o(i._ZN10STM32F4DMA10initializeEv) referenced from stm32f4dma.o(.constdata__ZTV10STM32F4DMA)
 <LI><a href="#[8f]">STM32F4DMA::getBlitCaps()</a> from stm32f4dma.o(i._ZN10STM32F4DMA11getBlitCapsEv) referenced from stm32f4dma.o(.constdata__ZTV10STM32F4DMA)
 <LI><a href="#[99]">STM32F4DMA::setupDataCopy(const touchgfx::BlitOp&)</a> from stm32f4dma.o(i._ZN10STM32F4DMA13setupDataCopyERKN8touchgfx6BlitOpE) referenced from stm32f4dma.o(.constdata__ZTV10STM32F4DMA)
 <LI><a href="#[9a]">STM32F4DMA::setupDataFill(const touchgfx::BlitOp&)</a> from stm32f4dma.o(i._ZN10STM32F4DMA13setupDataFillERKN8touchgfx6BlitOpE) referenced from stm32f4dma.o(.constdata__ZTV10STM32F4DMA)
 <LI><a href="#[94]">STM32F4DMA::signalDMAInterrupt()</a> from stm32f4dma.o(i._ZN10STM32F4DMA18signalDMAInterruptEv) referenced from stm32f4dma.o(.constdata__ZTV10STM32F4DMA)
 <LI><a href="#[7b]">STM32F4DMA::~STM32F4DMA()</a> from stm32f4dma.o(i._ZN10STM32F4DMAD1Ev) referenced from stm32f4dma.o(.constdata__ZTV10STM32F4DMA)
 <LI><a href="#[7b]">STM32F4DMA::~STM32F4DMA()</a> from stm32f4dma.o(i._ZN10STM32F4DMAD1Ev) referenced from boardconfiguration.o(i.__sti___22_BoardConfiguration_cpp_2f1c5dae)
 <LI><a href="#[b8]">STM32F4HAL::enableInterrupts()</a> from stm32f4hal.o(i._ZN10STM32F4HAL16enableInterruptsEv) referenced from stm32f4hal.o(.constdata__ZTV10STM32F4HAL)
 <LI><a href="#[b9]">STM32F4HAL::disableInterrupts()</a> from stm32f4hal.o(i._ZN10STM32F4HAL17disableInterruptsEv) referenced from stm32f4hal.o(.constdata__ZTV10STM32F4HAL)
 <LI><a href="#[bf]">STM32F4HAL::getTFTCurrentLine()</a> from stm32f4hal.o(i._ZN10STM32F4HAL17getTFTCurrentLineEv) referenced from stm32f4hal.o(.constdata__ZTV10STM32F4HAL)
 <LI><a href="#[c6]">STM32F4HAL::setTFTFrameBuffer(unsigned short*)</a> from stm32f4hal.o(i._ZN10STM32F4HAL17setTFTFrameBufferEPt) referenced from stm32f4hal.o(.constdata__ZTV10STM32F4HAL)
 <LI><a href="#[b7]">STM32F4HAL::configureInterrupts()</a> from stm32f4hal.o(i._ZN10STM32F4HAL19configureInterruptsEv) referenced from stm32f4hal.o(.constdata__ZTV10STM32F4HAL)
 <LI><a href="#[ba]">STM32F4HAL::enableLCDControllerInterrupt()</a> from stm32f4hal.o(i._ZN10STM32F4HAL28enableLCDControllerInterruptEv) referenced from stm32f4hal.o(.constdata__ZTV10STM32F4HAL)
 <LI><a href="#[82]">STM32F4HAL::~STM32F4HAL()</a> from boardconfiguration.o(i._ZN10STM32F4HALD1Ev) referenced from stm32f4hal.o(.constdata__ZTV10STM32F4HAL)
 <LI><a href="#[82]">STM32F4HAL::~STM32F4HAL()</a> from boardconfiguration.o(i._ZN10STM32F4HALD1Ev) referenced from boardconfiguration.o(t._ZN8touchgfx21touchgfx_generic_initI10STM32F4HALEERNS_3HALERNS_13DMA_InterfaceERNS_3LCDERNS_15TouchControllerEssPtjj)
 <LI><a href="#[cc]">Screen1View::setupScreen()</a> from screen1view.o(i._ZN11Screen1View11setupScreenEv) referenced from screen1view.o(.constdata__ZTV11Screen1View)
 <LI><a href="#[ce]">Screen1View::tearDownScreen()</a> from screen1view.o(i._ZN11Screen1View14tearDownScreenEv) referenced from screen1view.o(.constdata__ZTV11Screen1View)
 <LI><a href="#[d2]">Screen1View::handleTickEvent()</a> from screen1view.o(i._ZN11Screen1View15handleTickEventEv) referenced from screen1view.o(.constdata__ZTV11Screen1View)
 <LI><a href="#[87]">Screen1View::buttonCallbackHandler(const touchgfx::AbstractButton&)</a> from screen1view.o(i._ZN11Screen1View21buttonCallbackHandlerERKN8touchgfx14AbstractButtonE) referenced from screen1view.o(.constdata)
 <LI><a href="#[d5]">Screen1View::addMotion()</a> from screen1view.o(i._ZN11Screen1View9addMotionEv) referenced from screen1view.o(.constdata__ZTV11Screen1View)
 <LI><a href="#[ca]">Screen1View::~Screen1View()</a> from screen1view.o(i._ZN11Screen1ViewD1Ev) referenced from screen1view.o(.constdata__ZTV11Screen1View)
 <LI><a href="#[d7]">Screen2View::setupScreen()</a> from screen2view.o(i._ZN11Screen2View11setupScreenEv) referenced from screen2view.o(.constdata__ZTV11Screen2View)
 <LI><a href="#[d8]">Screen2View::tearDownScreen()</a> from screen2view.o(i._ZN11Screen2View14tearDownScreenEv) referenced from screen2view.o(.constdata__ZTV11Screen2View)
 <LI><a href="#[d6]">Screen2View::~Screen2View()</a> from screen2view.o(i._ZN11Screen2ViewD1Ev) referenced from screen2view.o(.constdata__ZTV11Screen2View)
 <LI><a href="#[83]">FrontendHeap::~FrontendHeap()</a> from boardconfiguration.o(i._ZN12FrontendHeapD1Ev) referenced from boardconfiguration.o(.constdata__ZTV12FrontendHeap)
 <LI><a href="#[83]">FrontendHeap::~FrontendHeap()</a> from boardconfiguration.o(i._ZN12FrontendHeapD1Ev) referenced from boardconfiguration.o(t._ZN8touchgfx21touchgfx_generic_initI10STM32F4HALEERNS_3HALERNS_13DMA_InterfaceERNS_3LCDERNS_15TouchControllerEssPtjj)
 <LI><a href="#[d4]">Screen1ViewBase::setVoltage(int)</a> from screen1view.o(i._ZN15Screen1ViewBase10setVoltageEi) referenced from screen1view.o(.constdata__ZTV11Screen1View)
 <LI><a href="#[d4]">Screen1ViewBase::setVoltage(int)</a> from screen1view.o(i._ZN15Screen1ViewBase10setVoltageEi) referenced from screen1viewbase.o(.constdata__ZTV15Screen1ViewBase)
 <LI><a href="#[db]">Screen1ViewBase::setupScreen()</a> from screen1viewbase.o(i._ZN15Screen1ViewBase11setupScreenEv) referenced from screen1viewbase.o(.constdata__ZTV15Screen1ViewBase)
 <LI><a href="#[8a]">Screen1ViewBase::buttonCallbackHandler(const touchgfx::AbstractButton&)</a> from screen1viewbase.o(i._ZN15Screen1ViewBase21buttonCallbackHandlerERKN8touchgfx14AbstractButtonE) referenced from screen1viewbase.o(.constdata)
 <LI><a href="#[8b]">Screen1ViewBase::sliderValueChangedCallbackHandler(const touchgfx::Slider&, int)</a> from screen1viewbase.o(i._ZN15Screen1ViewBase33sliderValueChangedCallbackHandlerERKN8touchgfx6SliderEi) referenced from screen1viewbase.o(.constdata)
 <LI><a href="#[da]">Screen1ViewBase::~Screen1ViewBase()</a> from screen1view.o(i._ZN15Screen1ViewBaseD1Ev) referenced from screen1viewbase.o(.constdata__ZTV15Screen1ViewBase)
 <LI><a href="#[de]">Screen2ViewBase::setupScreen()</a> from screen2viewbase.o(i._ZN15Screen2ViewBase11setupScreenEv) referenced from screen2viewbase.o(.constdata__ZTV15Screen2ViewBase)
 <LI><a href="#[8c]">Screen2ViewBase::buttonCallbackHandler(const touchgfx::AbstractButton&)</a> from screen2viewbase.o(i._ZN15Screen2ViewBase21buttonCallbackHandlerERKN8touchgfx14AbstractButtonE) referenced from screen2viewbase.o(.constdata)
 <LI><a href="#[dd]">Screen2ViewBase::~Screen2ViewBase()</a> from screen2viewbase.o(i._ZN15Screen2ViewBaseD1Ev) referenced from screen2viewbase.o(.constdata__ZTV15Screen2ViewBase)
 <LI><a href="#[e0]">Screen1Presenter::deactivate()</a> from screen1presenter.o(i._ZN16Screen1Presenter10deactivateEv) referenced from screen1presenter.o(.constdata__ZTV16Screen1Presenter)
 <LI><a href="#[df]">Screen1Presenter::activate()</a> from screen1presenter.o(i._ZN16Screen1Presenter8activateEv) referenced from screen1presenter.o(.constdata__ZTV16Screen1Presenter)
 <LI><a href="#[e1]">Screen1Presenter::~Screen1Presenter()</a> from screen1presenter.o(i._ZN16Screen1PresenterD1Ev) referenced from screen1presenter.o(.constdata__ZTV16Screen1Presenter)
 <LI><a href="#[e3]">Screen2Presenter::deactivate()</a> from screen2presenter.o(i._ZN16Screen2Presenter10deactivateEv) referenced from screen2presenter.o(.constdata__ZTV16Screen2Presenter)
 <LI><a href="#[e2]">Screen2Presenter::activate()</a> from screen2presenter.o(i._ZN16Screen2Presenter8activateEv) referenced from screen2presenter.o(.constdata__ZTV16Screen2Presenter)
 <LI><a href="#[e4]">Screen2Presenter::~Screen2Presenter()</a> from screen2presenter.o(i._ZN16Screen2PresenterD1Ev) referenced from screen2presenter.o(.constdata__ZTV16Screen2Presenter)
 <LI><a href="#[e9]">FrontendApplication::handleTickEvent()</a> from frontendapplication.o(i._ZN19FrontendApplication15handleTickEventEv) referenced from frontendapplication.o(.constdata__ZTV19FrontendApplication)
 <LI><a href="#[ef]">ApplicationFontProvider::getFont(unsigned short)</a> from applicationfontprovider.o(i._ZN23ApplicationFontProvider7getFontEt) referenced from applicationfontprovider.o(.constdata__ZTV23ApplicationFontProvider)
 <LI><a href="#[7a]">ApplicationFontProvider::~ApplicationFontProvider()</a> from boardconfiguration.o(i._ZN23ApplicationFontProviderD1Ev) referenced from applicationfontprovider.o(.constdata__ZTV23ApplicationFontProvider)
 <LI><a href="#[7a]">ApplicationFontProvider::~ApplicationFontProvider()</a> from boardconfiguration.o(i._ZN23ApplicationFontProviderD1Ev) referenced from boardconfiguration.o(i.__sti___22_BoardConfiguration_cpp_2f1c5dae)
 <LI><a href="#[88]">FrontendApplicationBase::gotoScreen1ScreenNoTransitionImpl()</a> from frontendapplicationbase.o(i._ZN23FrontendApplicationBase33gotoScreen1ScreenNoTransitionImplEv) referenced from frontendapplicationbase.o(.constdata)
 <LI><a href="#[89]">FrontendApplicationBase::gotoScreen2ScreenNoTransitionImpl()</a> from frontendapplicationbase.o(i._ZN23FrontendApplicationBase33gotoScreen2ScreenNoTransitionImplEv) referenced from frontendapplicationbase.o(.constdata)
 <LI><a href="#[f1]">FrontendApplicationBase::~FrontendApplicationBase()</a> from boardconfiguration.o(i._ZN23FrontendApplicationBaseD1Ev) referenced from boardconfiguration.o(.constdata__ZTV23FrontendApplicationBase)
 <LI><a href="#[131]">touchgfx::Transition::setScreenContainer(touchgfx::Container&)</a> from frontendapplicationbase.o(i._ZN8touchgfx10Transition18setScreenContainerERNS_9ContainerE) referenced from frontendapplicationbase.o(.constdata__ZTVN8touchgfx12NoTransitionE)
 <LI><a href="#[130]">touchgfx::Transition::init()</a> from frontendapplicationbase.o(i._ZN8touchgfx10Transition4initEv) referenced from frontendapplicationbase.o(.constdata__ZTVN8touchgfx12NoTransitionE)
 <LI><a href="#[12f]">touchgfx::Transition::tearDown()</a> from frontendapplicationbase.o(i._ZN8touchgfx10Transition8tearDownEv) referenced from frontendapplicationbase.o(.constdata__ZTVN8touchgfx12NoTransitionE)
 <LI><a href="#[eb]">touchgfx::Application::switchScreen(touchgfx::Screen*)</a> from application.o(.text) referenced from frontendapplication.o(.constdata__ZTV19FrontendApplication)
 <LI><a href="#[eb]">touchgfx::Application::switchScreen(touchgfx::Screen*)</a> from application.o(.text) referenced from boardconfiguration.o(.constdata__ZTV23FrontendApplicationBase)
 <LI><a href="#[eb]">touchgfx::Application::switchScreen(touchgfx::Screen*)</a> from application.o(.text) referenced from application.o(.constdata__ZTVN8touchgfx11ApplicationE)
 <LI><a href="#[eb]">touchgfx::Application::switchScreen(touchgfx::Screen*)</a> from application.o(.text) referenced from frontendapplicationbase.o(.constdata__ZTVN8touchgfx14MVPApplicationE)
 <LI><a href="#[e8]">touchgfx::Application::handleKeyEvent(unsigned char)</a> from application.o(.text) referenced from frontendapplication.o(.constdata__ZTV19FrontendApplication)
 <LI><a href="#[e8]">touchgfx::Application::handleKeyEvent(unsigned char)</a> from application.o(.text) referenced from boardconfiguration.o(.constdata__ZTV23FrontendApplicationBase)
 <LI><a href="#[e8]">touchgfx::Application::handleKeyEvent(unsigned char)</a> from application.o(.text) referenced from application.o(.constdata__ZTVN8touchgfx11ApplicationE)
 <LI><a href="#[e8]">touchgfx::Application::handleKeyEvent(unsigned char)</a> from application.o(.text) referenced from frontendapplicationbase.o(.constdata__ZTVN8touchgfx14MVPApplicationE)
 <LI><a href="#[e6]">touchgfx::Application::handleDragEvent(const touchgfx::DragEvent&)</a> from application.o(.text) referenced from frontendapplication.o(.constdata__ZTV19FrontendApplication)
 <LI><a href="#[e6]">touchgfx::Application::handleDragEvent(const touchgfx::DragEvent&)</a> from application.o(.text) referenced from boardconfiguration.o(.constdata__ZTV23FrontendApplicationBase)
 <LI><a href="#[e6]">touchgfx::Application::handleDragEvent(const touchgfx::DragEvent&)</a> from application.o(.text) referenced from application.o(.constdata__ZTVN8touchgfx11ApplicationE)
 <LI><a href="#[e6]">touchgfx::Application::handleDragEvent(const touchgfx::DragEvent&)</a> from application.o(.text) referenced from frontendapplicationbase.o(.constdata__ZTVN8touchgfx14MVPApplicationE)
 <LI><a href="#[f0]">touchgfx::Application::handleTickEvent()</a> from application.o(.text) referenced from boardconfiguration.o(.constdata__ZTV23FrontendApplicationBase)
 <LI><a href="#[f0]">touchgfx::Application::handleTickEvent()</a> from application.o(.text) referenced from application.o(.constdata__ZTVN8touchgfx11ApplicationE)
 <LI><a href="#[f0]">touchgfx::Application::handleTickEvent()</a> from application.o(.text) referenced from frontendapplicationbase.o(.constdata__ZTVN8touchgfx14MVPApplicationE)
 <LI><a href="#[e5]">touchgfx::Application::handleClickEvent(const touchgfx::ClickEvent&)</a> from application.o(.text) referenced from frontendapplication.o(.constdata__ZTV19FrontendApplication)
 <LI><a href="#[e5]">touchgfx::Application::handleClickEvent(const touchgfx::ClickEvent&)</a> from application.o(.text) referenced from boardconfiguration.o(.constdata__ZTV23FrontendApplicationBase)
 <LI><a href="#[e5]">touchgfx::Application::handleClickEvent(const touchgfx::ClickEvent&)</a> from application.o(.text) referenced from application.o(.constdata__ZTVN8touchgfx11ApplicationE)
 <LI><a href="#[e5]">touchgfx::Application::handleClickEvent(const touchgfx::ClickEvent&)</a> from application.o(.text) referenced from frontendapplicationbase.o(.constdata__ZTVN8touchgfx14MVPApplicationE)
 <LI><a href="#[e7]">touchgfx::Application::handleGestureEvent(const touchgfx::GestureEvent&)</a> from application.o(.text) referenced from frontendapplication.o(.constdata__ZTV19FrontendApplication)
 <LI><a href="#[e7]">touchgfx::Application::handleGestureEvent(const touchgfx::GestureEvent&)</a> from application.o(.text) referenced from boardconfiguration.o(.constdata__ZTV23FrontendApplicationBase)
 <LI><a href="#[e7]">touchgfx::Application::handleGestureEvent(const touchgfx::GestureEvent&)</a> from application.o(.text) referenced from application.o(.constdata__ZTVN8touchgfx11ApplicationE)
 <LI><a href="#[e7]">touchgfx::Application::handleGestureEvent(const touchgfx::GestureEvent&)</a> from application.o(.text) referenced from frontendapplicationbase.o(.constdata__ZTVN8touchgfx14MVPApplicationE)
 <LI><a href="#[ee]">touchgfx::Application::cacheDrawOperations(bool)</a> from application.o(.text) referenced from frontendapplication.o(.constdata__ZTV19FrontendApplication)
 <LI><a href="#[ee]">touchgfx::Application::cacheDrawOperations(bool)</a> from application.o(.text) referenced from boardconfiguration.o(.constdata__ZTV23FrontendApplicationBase)
 <LI><a href="#[ee]">touchgfx::Application::cacheDrawOperations(bool)</a> from application.o(.text) referenced from application.o(.constdata__ZTVN8touchgfx11ApplicationE)
 <LI><a href="#[ee]">touchgfx::Application::cacheDrawOperations(bool)</a> from application.o(.text) referenced from frontendapplicationbase.o(.constdata__ZTVN8touchgfx14MVPApplicationE)
 <LI><a href="#[f2]">touchgfx::Application::handlePendingScreenTransition()</a> from application.o(.text) referenced from application.o(.constdata__ZTVN8touchgfx11ApplicationE)
 <LI><a href="#[ed]">touchgfx::Application::draw(touchgfx::Rect&)</a> from application.o(.text) referenced from frontendapplication.o(.constdata__ZTV19FrontendApplication)
 <LI><a href="#[ed]">touchgfx::Application::draw(touchgfx::Rect&)</a> from application.o(.text) referenced from boardconfiguration.o(.constdata__ZTV23FrontendApplicationBase)
 <LI><a href="#[ed]">touchgfx::Application::draw(touchgfx::Rect&)</a> from application.o(.text) referenced from application.o(.constdata__ZTVN8touchgfx11ApplicationE)
 <LI><a href="#[ed]">touchgfx::Application::draw(touchgfx::Rect&)</a> from application.o(.text) referenced from frontendapplicationbase.o(.constdata__ZTVN8touchgfx14MVPApplicationE)
 <LI><a href="#[ec]">touchgfx::Application::draw()</a> from application.o(.text) referenced from frontendapplication.o(.constdata__ZTV19FrontendApplication)
 <LI><a href="#[ec]">touchgfx::Application::draw()</a> from application.o(.text) referenced from boardconfiguration.o(.constdata__ZTV23FrontendApplicationBase)
 <LI><a href="#[ec]">touchgfx::Application::draw()</a> from application.o(.text) referenced from application.o(.constdata__ZTVN8touchgfx11ApplicationE)
 <LI><a href="#[ec]">touchgfx::Application::draw()</a> from application.o(.text) referenced from frontendapplicationbase.o(.constdata__ZTVN8touchgfx14MVPApplicationE)
 <LI><a href="#[112]">touchgfx::ModalWindow::setBackground(const unsigned short&)</a> from modalwindow.o(.text) referenced from modalwindow.o(.constdata__ZTVN8touchgfx11ModalWindowE)
 <LI><a href="#[113]">touchgfx::ModalWindow::setBackground(const unsigned short&, short, short)</a> from modalwindow.o(.text) referenced from modalwindow.o(.constdata__ZTVN8touchgfx11ModalWindowE)
 <LI><a href="#[116]">touchgfx::ModalWindow::setShadeAlpha(unsigned char)</a> from modalwindow.o(.text) referenced from modalwindow.o(.constdata__ZTVN8touchgfx11ModalWindowE)
 <LI><a href="#[118]">touchgfx::ModalWindow::setShadeColor(touchgfx::colortype)</a> from modalwindow.o(.text) referenced from modalwindow.o(.constdata__ZTVN8touchgfx11ModalWindowE)
 <LI><a href="#[109]">touchgfx::ModalWindow::add(touchgfx::Drawable&)</a> from modalwindow.o(.text) referenced from modalwindow.o(.constdata__ZTVN8touchgfx11ModalWindowE)
 <LI><a href="#[11b]">touchgfx::ModalWindow::hide()</a> from modalwindow.o(.text) referenced from modalwindow.o(.constdata__ZTVN8touchgfx11ModalWindowE)
 <LI><a href="#[11a]">touchgfx::ModalWindow::show()</a> from modalwindow.o(.text) referenced from modalwindow.o(.constdata__ZTVN8touchgfx11ModalWindowE)
 <LI><a href="#[10a]">touchgfx::ModalWindow::remove(touchgfx::Drawable&)</a> from modalwindow.o(.text) referenced from modalwindow.o(.constdata__ZTVN8touchgfx11ModalWindowE)
 <LI><a href="#[f4]">touchgfx::ModalWindow::~ModalWindow__deallocating()</a> from modalwindow.o(.text) referenced from modalwindow.o(.constdata__ZTVN8touchgfx11ModalWindowE)
 <LI><a href="#[f3]">touchgfx::ModalWindow::~ModalWindow()</a> from modalwindow.o(.text) referenced from modalwindow.o(.constdata__ZTVN8touchgfx11ModalWindowE)
 <LI><a href="#[122]">touchgfx::RadioButton::setBitmaps(const touchgfx::Bitmap&, const touchgfx::Bitmap&, const touchgfx::Bitmap&, const touchgfx::Bitmap&)</a> from radiobutton.o(.text) referenced from radiobutton.o(.constdata__ZTVN8touchgfx11RadioButtonE)
 <LI><a href="#[120]">touchgfx::RadioButton::handleClickEvent(const touchgfx::ClickEvent&)</a> from radiobutton.o(.text) referenced from radiobutton.o(.constdata__ZTVN8touchgfx11RadioButtonE)
 <LI><a href="#[128]">touchgfx::CanvasWidget::setPainter(touchgfx::AbstractPainter&)</a> from canvaswidget.o(.text) referenced from canvaswidget.o(.constdata__ZTVN8touchgfx12CanvasWidgetE)
 <LI><a href="#[128]">touchgfx::CanvasWidget::setPainter(touchgfx::AbstractPainter&)</a> from canvaswidget.o(.text) referenced from line.o(.constdata__ZTVN8touchgfx4LineE)
 <LI><a href="#[124]">touchgfx::CanvasWidget::~CanvasWidget__deallocating()</a> from canvaswidget.o(.text) referenced from canvaswidget.o(.constdata__ZTVN8touchgfx12CanvasWidgetE)
 <LI><a href="#[123]">touchgfx::CanvasWidget::~CanvasWidget__sub_object()</a> from canvaswidget.o(.text) referenced from canvaswidget.o(.constdata__ZTVN8touchgfx12CanvasWidgetE)
 <LI><a href="#[12e]">touchgfx::NoTransition::handleTickEvent()</a> from frontendapplicationbase.o(i._ZN8touchgfx12NoTransition15handleTickEventEv) referenced from frontendapplicationbase.o(.constdata__ZTVN8touchgfx12NoTransitionE)
 <LI><a href="#[12d]">touchgfx::NoTransition::~NoTransition()</a> from frontendapplicationbase.o(i._ZN8touchgfx12NoTransitionD1Ev) referenced from frontendapplicationbase.o(.constdata__ZTVN8touchgfx12NoTransitionE)
 <LI><a href="#[134]">touchgfx::ToggleButton::handleClickEvent(const touchgfx::ClickEvent&)</a> from togglebutton.o(.text) referenced from togglebutton.o(.constdata__ZTVN8touchgfx12ToggleButtonE)
 <LI><a href="#[90]">touchgfx::DMA_Interface::addToQueue(const touchgfx::BlitOp&)</a> from dma.o(.text) referenced from stm32f4dma.o(.constdata__ZTV10STM32F4DMA)
 <LI><a href="#[95]">touchgfx::DMA_Interface::getDMAType()</a> from dma.o(i._ZN8touchgfx13DMA_Interface10getDMATypeEv) referenced from stm32f4dma.o(.constdata__ZTV10STM32F4DMA)
 <LI><a href="#[9b]">touchgfx::DMA_Interface::enableAlpha(unsigned char)</a> from dma.o(.text) referenced from stm32f4dma.o(.constdata__ZTV10STM32F4DMA)
 <LI><a href="#[9c]">touchgfx::DMA_Interface::disableAlpha()</a> from dma.o(.text) referenced from stm32f4dma.o(.constdata__ZTV10STM32F4DMA)
 <LI><a href="#[98]">touchgfx::DMA_Interface::seedExecution()</a> from dma.o(.text) referenced from stm32f4dma.o(.constdata__ZTV10STM32F4DMA)
 <LI><a href="#[97]">touchgfx::DMA_Interface::executeCompleted()</a> from dma.o(.text) referenced from stm32f4dma.o(.constdata__ZTV10STM32F4DMA)
 <LI><a href="#[9e]">touchgfx::DMA_Interface::waitForFrameBufferSemaphore()</a> from dma.o(.text) referenced from stm32f4dma.o(.constdata__ZTV10STM32F4DMA)
 <LI><a href="#[9d]">touchgfx::DMA_Interface::enableCopyWithTransparentPixels(unsigned char)</a> from dma.o(.text) referenced from stm32f4dma.o(.constdata__ZTV10STM32F4DMA)
 <LI><a href="#[91]">touchgfx::DMA_Interface::flush()</a> from dma.o(i._ZN8touchgfx13DMA_Interface5flushEv) referenced from stm32f4dma.o(.constdata__ZTV10STM32F4DMA)
 <LI><a href="#[93]">touchgfx::DMA_Interface::start()</a> from dma.o(.text) referenced from stm32f4dma.o(.constdata__ZTV10STM32F4DMA)
 <LI><a href="#[96]">touchgfx::DMA_Interface::execute()</a> from dma.o(.text) referenced from stm32f4dma.o(.constdata__ZTV10STM32F4DMA)
 <LI><a href="#[74]">touchgfx::GeneratedFont::~GeneratedFont()</a> from generatedfont.o(i._ZN8touchgfx13GeneratedFontD1Ev) referenced from generatedfont.o(.constdata__ZTVN8touchgfx13GeneratedFontE)
 <LI><a href="#[74]">touchgfx::GeneratedFont::~GeneratedFont()</a> from generatedfont.o(i._ZN8touchgfx13GeneratedFontD1Ev) referenced from table_arial_14_4bpp.o(i._Z21getFont_arial_14_4bppv)
 <LI><a href="#[74]">touchgfx::GeneratedFont::~GeneratedFont()</a> from generatedfont.o(i._ZN8touchgfx13GeneratedFontD1Ev) referenced from table_arial_20_4bpp.o(i._Z21getFont_arial_20_4bppv)
 <LI><a href="#[74]">touchgfx::GeneratedFont::~GeneratedFont()</a> from generatedfont.o(i._ZN8touchgfx13GeneratedFontD1Ev) referenced from table_arial_30_4bpp.o(i._Z21getFont_arial_30_4bppv)
 <LI><a href="#[74]">touchgfx::GeneratedFont::~GeneratedFont()</a> from generatedfont.o(i._ZN8touchgfx13GeneratedFontD1Ev) referenced from table_verdana_10_4bpp.o(i._Z23getFont_verdana_10_4bppv)
 <LI><a href="#[74]">touchgfx::GeneratedFont::~GeneratedFont()</a> from generatedfont.o(i._ZN8touchgfx13GeneratedFontD1Ev) referenced from table_verdana_40_4bpp.o(i._Z23getFont_verdana_40_4bppv)
 <LI><a href="#[148]">touchgfx::PainterRGB565::renderNext(unsigned char&, unsigned char&, unsigned char&, unsigned char&)</a> from painterrgb565.o(.text) referenced from painterrgb565.o(.constdata__ZTVN8touchgfx13PainterRGB565E)
 <LI><a href="#[146]">touchgfx::PainterRGB565::render(unsigned char*, int, int, int, unsigned, const unsigned char*)</a> from painterrgb565.o(.text) referenced from painterrgb565.o(.constdata__ZTVN8touchgfx13PainterRGB565E)
 <LI><a href="#[14a]">touchgfx::AbstractButton::handleClickEvent(const touchgfx::ClickEvent&)</a> from abstractbutton.o(.text) referenced from abstractbutton.o(.constdata__ZTVN8touchgfx14AbstractButtonE)
 <LI><a href="#[14a]">touchgfx::AbstractButton::handleClickEvent(const touchgfx::ClickEvent&)</a> from abstractbutton.o(.text) referenced from buttonwithlabel.o(.constdata__ZTVN8touchgfx15ButtonWithLabelE)
 <LI><a href="#[14a]">touchgfx::AbstractButton::handleClickEvent(const touchgfx::ClickEvent&)</a> from abstractbutton.o(.text) referenced from button.o(.constdata__ZTVN8touchgfx6ButtonE)
 <LI><a href="#[ea]">touchgfx::MVPApplication::handlePendingScreenTransition()</a> from boardconfiguration.o(i._ZN8touchgfx14MVPApplication29handlePendingScreenTransitionEv) referenced from frontendapplication.o(.constdata__ZTV19FrontendApplication)
 <LI><a href="#[ea]">touchgfx::MVPApplication::handlePendingScreenTransition()</a> from boardconfiguration.o(i._ZN8touchgfx14MVPApplication29handlePendingScreenTransitionEv) referenced from boardconfiguration.o(.constdata__ZTV23FrontendApplicationBase)
 <LI><a href="#[ea]">touchgfx::MVPApplication::handlePendingScreenTransition()</a> from boardconfiguration.o(i._ZN8touchgfx14MVPApplication29handlePendingScreenTransitionEv) referenced from frontendapplicationbase.o(.constdata__ZTVN8touchgfx14MVPApplicationE)
 <LI><a href="#[14c]">touchgfx::AbstractPainter::~AbstractPainter__deallocating()</a> from abstractpainter.o(.text) referenced from abstractpainter.o(.constdata__ZTVN8touchgfx15AbstractPainterE)
 <LI><a href="#[14b]">touchgfx::AbstractPainter::~AbstractPainter__sub_object()</a> from abstractpainter.o(.text) referenced from abstractpainter.o(.constdata__ZTVN8touchgfx15AbstractPainterE)
 <LI><a href="#[152]">touchgfx::RadioButtonGroup&lang;(unsigned short)2&rang;::radioButtonClickedHandler(const touchgfx::AbstractButton&)</a> from screen1view.o(t._ZN8touchgfx16RadioButtonGroupILt2EE25radioButtonClickedHandlerERKNS_14AbstractButtonE) referenced from screen1view.o(.constdata__ZTVN8touchgfx16RadioButtonGroupILt2EEE)
 <LI><a href="#[153]">touchgfx::RadioButtonGroup&lang;(unsigned short)2&rang;::radioButtonDeselectedHandler(const touchgfx::AbstractButton&)</a> from screen1view.o(t._ZN8touchgfx16RadioButtonGroupILt2EE28radioButtonDeselectedHandlerERKNS_14AbstractButtonE) referenced from screen1view.o(.constdata__ZTVN8touchgfx16RadioButtonGroupILt2EEE)
 <LI><a href="#[151]">touchgfx::RadioButtonGroup&lang;(unsigned short)2&rang;::add(touchgfx::RadioButton&)</a> from screen1view.o(t._ZN8touchgfx16RadioButtonGroupILt2EE3addERNS_11RadioButtonE) referenced from screen1view.o(.constdata__ZTVN8touchgfx16RadioButtonGroupILt2EEE)
 <LI><a href="#[150]">touchgfx::RadioButtonGroup&lang;(unsigned short)2&rang;::~RadioButtonGroup()</a> from screen1view.o(t._ZN8touchgfx16RadioButtonGroupILt2EED1Ev) referenced from screen1view.o(.constdata__ZTVN8touchgfx16RadioButtonGroupILt2EEE)
 <LI><a href="#[157]">touchgfx::AbstractPartition::allocateAt(unsigned short, unsigned short)</a> from abstractpartition.o(.text) referenced from abstractpartition.o(.constdata__ZTVN8touchgfx17AbstractPartitionE)
 <LI><a href="#[157]">touchgfx::AbstractPartition::allocateAt(unsigned short, unsigned short)</a> from abstractpartition.o(.text) referenced from boardconfiguration.o(.constdata__ZTVN8touchgfx9PartitionINS_4meta8TypeListI11Screen1ViewNS2_INS1_3NilES4_EEEELt1EEE)
 <LI><a href="#[157]">touchgfx::AbstractPartition::allocateAt(unsigned short, unsigned short)</a> from abstractpartition.o(.text) referenced from boardconfiguration.o(.constdata__ZTVN8touchgfx9PartitionINS_4meta8TypeListI16Screen2PresenterNS2_INS1_3NilES4_EEEELt1EEE)
 <LI><a href="#[157]">touchgfx::AbstractPartition::allocateAt(unsigned short, unsigned short)</a> from abstractpartition.o(.text) referenced from boardconfiguration.o(.constdata__ZTVN8touchgfx9PartitionINS_4meta8TypeListINS_12NoTransitionENS2_INS1_3NilES4_EEEELt1EEE)
 <LI><a href="#[15a]">touchgfx::AbstractPartition::clear()</a> from abstractpartition.o(.text) referenced from abstractpartition.o(.constdata__ZTVN8touchgfx17AbstractPartitionE)
 <LI><a href="#[15a]">touchgfx::AbstractPartition::clear()</a> from abstractpartition.o(.text) referenced from boardconfiguration.o(.constdata__ZTVN8touchgfx9PartitionINS_4meta8TypeListI11Screen1ViewNS2_INS1_3NilES4_EEEELt1EEE)
 <LI><a href="#[15a]">touchgfx::AbstractPartition::clear()</a> from abstractpartition.o(.text) referenced from boardconfiguration.o(.constdata__ZTVN8touchgfx9PartitionINS_4meta8TypeListI16Screen2PresenterNS2_INS1_3NilES4_EEEELt1EEE)
 <LI><a href="#[15a]">touchgfx::AbstractPartition::clear()</a> from abstractpartition.o(.text) referenced from boardconfiguration.o(.constdata__ZTVN8touchgfx9PartitionINS_4meta8TypeListINS_12NoTransitionENS2_INS1_3NilES4_EEEELt1EEE)
 <LI><a href="#[159]">touchgfx::AbstractPartition::indexOf(const void*)</a> from abstractpartition.o(.text) referenced from abstractpartition.o(.constdata__ZTVN8touchgfx17AbstractPartitionE)
 <LI><a href="#[159]">touchgfx::AbstractPartition::indexOf(const void*)</a> from abstractpartition.o(.text) referenced from boardconfiguration.o(.constdata__ZTVN8touchgfx9PartitionINS_4meta8TypeListI11Screen1ViewNS2_INS1_3NilES4_EEEELt1EEE)
 <LI><a href="#[159]">touchgfx::AbstractPartition::indexOf(const void*)</a> from abstractpartition.o(.text) referenced from boardconfiguration.o(.constdata__ZTVN8touchgfx9PartitionINS_4meta8TypeListI16Screen2PresenterNS2_INS1_3NilES4_EEEELt1EEE)
 <LI><a href="#[159]">touchgfx::AbstractPartition::indexOf(const void*)</a> from abstractpartition.o(.text) referenced from boardconfiguration.o(.constdata__ZTVN8touchgfx9PartitionINS_4meta8TypeListINS_12NoTransitionENS2_INS1_3NilES4_EEEELt1EEE)
 <LI><a href="#[156]">touchgfx::AbstractPartition::allocate(unsigned short)</a> from abstractpartition.o(.text) referenced from abstractpartition.o(.constdata__ZTVN8touchgfx17AbstractPartitionE)
 <LI><a href="#[156]">touchgfx::AbstractPartition::allocate(unsigned short)</a> from abstractpartition.o(.text) referenced from boardconfiguration.o(.constdata__ZTVN8touchgfx9PartitionINS_4meta8TypeListI11Screen1ViewNS2_INS1_3NilES4_EEEELt1EEE)
 <LI><a href="#[156]">touchgfx::AbstractPartition::allocate(unsigned short)</a> from abstractpartition.o(.text) referenced from boardconfiguration.o(.constdata__ZTVN8touchgfx9PartitionINS_4meta8TypeListI16Screen2PresenterNS2_INS1_3NilES4_EEEELt1EEE)
 <LI><a href="#[156]">touchgfx::AbstractPartition::allocate(unsigned short)</a> from abstractpartition.o(.text) referenced from boardconfiguration.o(.constdata__ZTVN8touchgfx9PartitionINS_4meta8TypeListINS_12NoTransitionENS2_INS1_3NilES4_EEEELt1EEE)
 <LI><a href="#[155]">touchgfx::AbstractPartition::~AbstractPartition__deallocating()</a> from abstractpartition.o(.text) referenced from abstractpartition.o(.constdata__ZTVN8touchgfx17AbstractPartitionE)
 <LI><a href="#[154]">touchgfx::AbstractPartition::~AbstractPartition__sub_object()</a> from abstractpartition.o(.text) referenced from abstractpartition.o(.constdata__ZTVN8touchgfx17AbstractPartitionE)
 <LI><a href="#[15d]">touchgfx::LockFreeDMA_Queue::pushCopyOf(const touchgfx::BlitOp&)</a> from dma.o(.text) referenced from dma.o(.constdata__ZTVN8touchgfx17LockFreeDMA_QueueE)
 <LI><a href="#[15e]">touchgfx::LockFreeDMA_Queue::pop()</a> from dma.o(.text) referenced from dma.o(.constdata__ZTVN8touchgfx17LockFreeDMA_QueueE)
 <LI><a href="#[15f]">touchgfx::LockFreeDMA_Queue::first()</a> from dma.o(.text) referenced from dma.o(.constdata__ZTVN8touchgfx17LockFreeDMA_QueueE)
 <LI><a href="#[15c]">touchgfx::LockFreeDMA_Queue::isFull()</a> from dma.o(.text) referenced from dma.o(.constdata__ZTVN8touchgfx17LockFreeDMA_QueueE)
 <LI><a href="#[15b]">touchgfx::LockFreeDMA_Queue::isEmpty()</a> from dma.o(.text) referenced from dma.o(.constdata__ZTVN8touchgfx17LockFreeDMA_QueueE)
 <LI><a href="#[164]">touchgfx::MCUInstrumentation::getCCConsumed()</a> from stm32f4instrumentation.o(i._ZN8touchgfx18MCUInstrumentation13getCCConsumedEv) referenced from stm32f4instrumentation.o(.constdata__ZTVN8touchgfx22STM32F4InstrumentationE)
 <LI><a href="#[165]">touchgfx::MCUInstrumentation::setCCConsumed(unsigned)</a> from stm32f4instrumentation.o(i._ZN8touchgfx18MCUInstrumentation13setCCConsumedEj) referenced from stm32f4instrumentation.o(.constdata__ZTVN8touchgfx22STM32F4InstrumentationE)
 <LI><a href="#[147]">touchgfx::AbstractPainterRGB565::renderInit()</a> from painterrgb565.o(i._ZN8touchgfx21AbstractPainterRGB56510renderInitEv) referenced from painterrgb565.o(.constdata__ZTVN8touchgfx13PainterRGB565E)
 <LI><a href="#[147]">touchgfx::AbstractPainterRGB565::renderInit()</a> from painterrgb565.o(i._ZN8touchgfx21AbstractPainterRGB56510renderInitEv) referenced from abstractpainterrgb565.o(.constdata__ZTVN8touchgfx21AbstractPainterRGB565E)
 <LI><a href="#[149]">touchgfx::AbstractPainterRGB565::renderPixel(unsigned short*, unsigned char, unsigned char, unsigned char)</a> from abstractpainterrgb565.o(.text) referenced from painterrgb565.o(.constdata__ZTVN8touchgfx13PainterRGB565E)
 <LI><a href="#[149]">touchgfx::AbstractPainterRGB565::renderPixel(unsigned short*, unsigned char, unsigned char, unsigned char)</a> from abstractpainterrgb565.o(.text) referenced from abstractpainterrgb565.o(.constdata__ZTVN8touchgfx21AbstractPainterRGB565E)
 <LI><a href="#[160]">touchgfx::AbstractPainterRGB565::render(unsigned char*, int, int, int, unsigned, const unsigned char*)</a> from abstractpainterrgb565.o(.text) referenced from abstractpainterrgb565.o(.constdata__ZTVN8touchgfx21AbstractPainterRGB565E)
 <LI><a href="#[162]">touchgfx::STM32F4Instrumentation::getCPUCycles()</a> from stm32f4instrumentation.o(i._ZN8touchgfx22STM32F4Instrumentation12getCPUCyclesEv) referenced from stm32f4instrumentation.o(.constdata__ZTVN8touchgfx22STM32F4InstrumentationE)
 <LI><a href="#[163]">touchgfx::STM32F4Instrumentation::setMCUActive(bool)</a> from stm32f4instrumentation.o(i._ZN8touchgfx22STM32F4Instrumentation12setMCUActiveEb) referenced from stm32f4instrumentation.o(.constdata__ZTVN8touchgfx22STM32F4InstrumentationE)
 <LI><a href="#[161]">touchgfx::STM32F4Instrumentation::init()</a> from stm32f4instrumentation.o(i._ZN8touchgfx22STM32F4Instrumentation4initEv) referenced from stm32f4instrumentation.o(.constdata__ZTVN8touchgfx22STM32F4InstrumentationE)
 <LI><a href="#[7d]">touchgfx::STM32F4Instrumentation::~STM32F4Instrumentation()</a> from boardconfiguration.o(i._ZN8touchgfx22STM32F4InstrumentationD1Ev) referenced from stm32f4instrumentation.o(.constdata__ZTVN8touchgfx22STM32F4InstrumentationE)
 <LI><a href="#[7d]">touchgfx::STM32F4Instrumentation::~STM32F4Instrumentation()</a> from boardconfiguration.o(i._ZN8touchgfx22STM32F4InstrumentationD1Ev) referenced from boardconfiguration.o(i.__sti___22_BoardConfiguration_cpp_2f1c5dae)
 <LI><a href="#[167]">touchgfx::STM32F4TouchController::sampleTouch(int&, int&)</a> from stm32f4touchcontroller.o(i._ZN8touchgfx22STM32F4TouchController11sampleTouchERiS1_) referenced from stm32f4touchcontroller.o(.constdata__ZTVN8touchgfx22STM32F4TouchControllerE)
 <LI><a href="#[166]">touchgfx::STM32F4TouchController::init()</a> from stm32f4touchcontroller.o(i._ZN8touchgfx22STM32F4TouchController4initEv) referenced from stm32f4touchcontroller.o(.constdata__ZTVN8touchgfx22STM32F4TouchControllerE)
 <LI><a href="#[7c]">touchgfx::STM32F4TouchController::~STM32F4TouchController()</a> from boardconfiguration.o(i._ZN8touchgfx22STM32F4TouchControllerD1Ev) referenced from stm32f4touchcontroller.o(.constdata__ZTVN8touchgfx22STM32F4TouchControllerE)
 <LI><a href="#[7c]">touchgfx::STM32F4TouchController::~STM32F4TouchController()</a> from boardconfiguration.o(i._ZN8touchgfx22STM32F4TouchControllerD1Ev) referenced from boardconfiguration.o(i.__sti___22_BoardConfiguration_cpp_2f1c5dae)
 <LI><a href="#[16a]">touchgfx::TextAreaWithOneWildcard::getTextHeight()</a> from screen1viewbase.o(i._ZN8touchgfx23TextAreaWithOneWildcard13getTextHeightEv) referenced from screen1viewbase.o(.constdata__ZTVN8touchgfx23TextAreaWithOneWildcardE)
 <LI><a href="#[c4]">touchgfx::HAL::beginFrame()</a> from hal.o(.text) referenced from stm32f4hal.o(.constdata__ZTV10STM32F4HAL)
 <LI><a href="#[c4]">touchgfx::HAL::beginFrame()</a> from hal.o(.text) referenced from hal.o(.constdata__ZTVN8touchgfx3HALE)
 <LI><a href="#[c0]">touchgfx::HAL::getDMAType()</a> from hal.o(i._ZN8touchgfx3HAL10getDMATypeEv) referenced from stm32f4hal.o(.constdata__ZTV10STM32F4HAL)
 <LI><a href="#[c0]">touchgfx::HAL::getDMAType()</a> from hal.o(i._ZN8touchgfx3HAL10getDMATypeEv) referenced from hal.o(.constdata__ZTVN8touchgfx3HALE)
 <LI><a href="#[ab]">touchgfx::HAL::getBlitCaps()</a> from hal.o(i._ZN8touchgfx3HAL11getBlitCapsEv) referenced from stm32f4hal.o(.constdata__ZTV10STM32F4HAL)
 <LI><a href="#[ab]">touchgfx::HAL::getBlitCaps()</a> from hal.o(i._ZN8touchgfx3HAL11getBlitCapsEv) referenced from hal.o(.constdata__ZTVN8touchgfx3HALE)
 <LI><a href="#[b0]">touchgfx::HAL::blitCopyGlyph(const unsigned char*, unsigned short, unsigned short, unsigned short, unsigned short, unsigned short, touchgfx::colortype, unsigned char, touchgfx::BlitOperations)</a> from hal.o(.text) referenced from stm32f4hal.o(.constdata__ZTV10STM32F4HAL)
 <LI><a href="#[b0]">touchgfx::HAL::blitCopyGlyph(const unsigned char*, unsigned short, unsigned short, unsigned short, unsigned short, unsigned short, touchgfx::colortype, unsigned char, touchgfx::BlitOperations)</a> from hal.o(.text) referenced from hal.o(.constdata__ZTVN8touchgfx3HALE)
 <LI><a href="#[b6]">touchgfx::HAL::backPorchExited()</a> from hal.o(i._ZN8touchgfx3HAL15backPorchExitedEv) referenced from stm32f4hal.o(.constdata__ZTV10STM32F4HAL)
 <LI><a href="#[b6]">touchgfx::HAL::backPorchExited()</a> from hal.o(i._ZN8touchgfx3HAL15backPorchExitedEv) referenced from hal.o(.constdata__ZTVN8touchgfx3HALE)
 <LI><a href="#[a9]">touchgfx::HAL::cacheTextString(const unsigned short*)</a> from hal.o(.text) referenced from stm32f4hal.o(.constdata__ZTV10STM32F4HAL)
 <LI><a href="#[a9]">touchgfx::HAL::cacheTextString(const unsigned short*)</a> from hal.o(.text) referenced from hal.o(.constdata__ZTVN8touchgfx3HALE)
 <LI><a href="#[a5]">touchgfx::HAL::lockFrameBuffer()</a> from hal.o(.text) referenced from stm32f4hal.o(.constdata__ZTV10STM32F4HAL)
 <LI><a href="#[a5]">touchgfx::HAL::lockFrameBuffer()</a> from hal.o(.text) referenced from hal.o(.constdata__ZTVN8touchgfx3HALE)
 <LI><a href="#[af]">touchgfx::HAL::blitCopyARGB8888(const unsigned short*, unsigned short, unsigned short, unsigned short, unsigned short, unsigned short, unsigned char)</a> from hal.o(.text) referenced from stm32f4hal.o(.constdata__ZTV10STM32F4HAL)
 <LI><a href="#[af]">touchgfx::HAL::blitCopyARGB8888(const unsigned short*, unsigned short, unsigned short, unsigned short, unsigned short, unsigned short, unsigned char)</a> from hal.o(.text) referenced from hal.o(.constdata__ZTVN8touchgfx3HALE)
 <LI><a href="#[a2]">touchgfx::HAL::flushFrameBuffer(const touchgfx::Rect&)</a> from hal.o(.text) referenced from stm32f4hal.o(.constdata__ZTV10STM32F4HAL)
 <LI><a href="#[a2]">touchgfx::HAL::flushFrameBuffer(const touchgfx::Rect&)</a> from hal.o(.text) referenced from hal.o(.constdata__ZTVN8touchgfx3HALE)
 <LI><a href="#[a1]">touchgfx::HAL::flushFrameBuffer()</a> from hal.o(.text) referenced from stm32f4hal.o(.constdata__ZTV10STM32F4HAL)
 <LI><a href="#[a1]">touchgfx::HAL::flushFrameBuffer()</a> from hal.o(.text) referenced from hal.o(.constdata__ZTVN8touchgfx3HALE)
 <LI><a href="#[a3]">touchgfx::HAL::allowDMATransfers()</a> from hal.o(.text) referenced from stm32f4hal.o(.constdata__ZTV10STM32F4HAL)
 <LI><a href="#[a3]">touchgfx::HAL::allowDMATransfers()</a> from hal.o(.text) referenced from hal.o(.constdata__ZTVN8touchgfx3HALE)
 <LI><a href="#[16e]">touchgfx::HAL::getTFTCurrentLine()</a> from hal.o(i._ZN8touchgfx3HAL17getTFTCurrentLineEv) referenced from hal.o(.constdata__ZTVN8touchgfx3HALE)
 <LI><a href="#[a8]">touchgfx::HAL::registerTextCache(unsigned short*, unsigned short)</a> from hal.o(.text) referenced from stm32f4hal.o(.constdata__ZTV10STM32F4HAL)
 <LI><a href="#[a8]">touchgfx::HAL::registerTextCache(unsigned short*, unsigned short)</a> from hal.o(.text) referenced from hal.o(.constdata__ZTVN8touchgfx3HALE)
 <LI><a href="#[a6]">touchgfx::HAL::unlockFrameBuffer()</a> from hal.o(.text) referenced from stm32f4hal.o(.constdata__ZTV10STM32F4HAL)
 <LI><a href="#[a6]">touchgfx::HAL::unlockFrameBuffer()</a> from hal.o(.text) referenced from hal.o(.constdata__ZTVN8touchgfx3HALE)
 <LI><a href="#[b4]">touchgfx::HAL::copyFBRegionToMemory(touchgfx::Rect)</a> from hal.o(.text) referenced from stm32f4hal.o(.constdata__ZTV10STM32F4HAL)
 <LI><a href="#[b4]">touchgfx::HAL::copyFBRegionToMemory(touchgfx::Rect)</a> from hal.o(.text) referenced from hal.o(.constdata__ZTVN8touchgfx3HALE)
 <LI><a href="#[b5]">touchgfx::HAL::copyFBRegionToMemory(touchgfx::Rect, unsigned short*, unsigned)</a> from hal.o(.text) referenced from stm32f4hal.o(.constdata__ZTV10STM32F4HAL)
 <LI><a href="#[b5]">touchgfx::HAL::copyFBRegionToMemory(touchgfx::Rect, unsigned short*, unsigned)</a> from hal.o(.text) referenced from hal.o(.constdata__ZTVN8touchgfx3HALE)
 <LI><a href="#[b3]">touchgfx::HAL::registerEventListener(touchgfx::UIEventListener&)</a> from hal.o(.text) referenced from stm32f4hal.o(.constdata__ZTV10STM32F4HAL)
 <LI><a href="#[b3]">touchgfx::HAL::registerEventListener(touchgfx::UIEventListener&)</a> from hal.o(.text) referenced from hal.o(.constdata__ZTVN8touchgfx3HALE)
 <LI><a href="#[9f]">touchgfx::HAL::setDisplayOrientation(touchgfx::DisplayOrientation)</a> from hal.o(i._ZN8touchgfx3HAL21setDisplayOrientationENS_18DisplayOrientationE) referenced from stm32f4hal.o(.constdata__ZTV10STM32F4HAL)
 <LI><a href="#[9f]">touchgfx::HAL::setDisplayOrientation(touchgfx::DisplayOrientation)</a> from hal.o(i._ZN8touchgfx3HAL21setDisplayOrientationENS_18DisplayOrientationE) referenced from hal.o(.constdata__ZTVN8touchgfx3HALE)
 <LI><a href="#[ac]">touchgfx::HAL::blitSetTransparencyKey(unsigned short)</a> from hal.o(.text) referenced from stm32f4hal.o(.constdata__ZTV10STM32F4HAL)
 <LI><a href="#[ac]">touchgfx::HAL::blitSetTransparencyKey(unsigned short)</a> from hal.o(.text) referenced from hal.o(.constdata__ZTVN8touchgfx3HALE)
 <LI><a href="#[bb]">touchgfx::HAL::setFrameBufferStartAddress(void*, unsigned short, bool, bool)</a> from hal.o(i._ZN8touchgfx3HAL26setFrameBufferStartAddressEPvtbb) referenced from stm32f4hal.o(.constdata__ZTV10STM32F4HAL)
 <LI><a href="#[bb]">touchgfx::HAL::setFrameBufferStartAddress(void*, unsigned short, bool, bool)</a> from hal.o(i._ZN8touchgfx3HAL26setFrameBufferStartAddressEPvtbb) referenced from hal.o(.constdata__ZTVN8touchgfx3HALE)
 <LI><a href="#[bd]">touchgfx::HAL::configurePartialFrameBuffer(unsigned short, unsigned short, unsigned short, unsigned short)</a> from hal.o(.text) referenced from stm32f4hal.o(.constdata__ZTV10STM32F4HAL)
 <LI><a href="#[bd]">touchgfx::HAL::configurePartialFrameBuffer(unsigned short, unsigned short, unsigned short, unsigned short)</a> from hal.o(.text) referenced from hal.o(.constdata__ZTVN8touchgfx3HALE)
 <LI><a href="#[c1]">touchgfx::HAL::drawDrawableInDynamicBitmap(touchgfx::Drawable&, unsigned short)</a> from hal.o(.text) referenced from stm32f4hal.o(.constdata__ZTV10STM32F4HAL)
 <LI><a href="#[c1]">touchgfx::HAL::drawDrawableInDynamicBitmap(touchgfx::Drawable&, unsigned short)</a> from hal.o(.text) referenced from hal.o(.constdata__ZTVN8touchgfx3HALE)
 <LI><a href="#[c2]">touchgfx::HAL::drawDrawableInDynamicBitmap(touchgfx::Drawable&, unsigned short, const touchgfx::Rect&)</a> from hal.o(.text) referenced from stm32f4hal.o(.constdata__ZTV10STM32F4HAL)
 <LI><a href="#[c2]">touchgfx::HAL::drawDrawableInDynamicBitmap(touchgfx::Drawable&, unsigned short, const touchgfx::Rect&)</a> from hal.o(.text) referenced from hal.o(.constdata__ZTVN8touchgfx3HALE)
 <LI><a href="#[bc]">touchgfx::HAL::setFrameBufferStartAddresses(void*, void*, void*)</a> from hal.o(i._ZN8touchgfx3HAL28setFrameBufferStartAddressesEPvS1_S1_) referenced from stm32f4hal.o(.constdata__ZTV10STM32F4HAL)
 <LI><a href="#[bc]">touchgfx::HAL::setFrameBufferStartAddresses(void*, void*, void*)</a> from hal.o(i._ZN8touchgfx3HAL28setFrameBufferStartAddressesEPvS1_S1_) referenced from hal.o(.constdata__ZTVN8touchgfx3HALE)
 <LI><a href="#[c9]">touchgfx::HAL::performDisplayOrientationChange()</a> from hal.o(i._ZN8touchgfx3HAL31performDisplayOrientationChangeEv) referenced from stm32f4hal.o(.constdata__ZTV10STM32F4HAL)
 <LI><a href="#[c9]">touchgfx::HAL::performDisplayOrientationChange()</a> from hal.o(i._ZN8touchgfx3HAL31performDisplayOrientationChangeEv) referenced from hal.o(.constdata__ZTVN8touchgfx3HALE)
 <LI><a href="#[c3]">touchgfx::HAL::tick()</a> from hal.o(.text) referenced from stm32f4hal.o(.constdata__ZTV10STM32F4HAL)
 <LI><a href="#[c3]">touchgfx::HAL::tick()</a> from hal.o(.text) referenced from hal.o(.constdata__ZTVN8touchgfx3HALE)
 <LI><a href="#[c7]">touchgfx::HAL::touch(int, int)</a> from hal.o(.text) referenced from stm32f4hal.o(.constdata__ZTV10STM32F4HAL)
 <LI><a href="#[c7]">touchgfx::HAL::touch(int, int)</a> from hal.o(.text) referenced from hal.o(.constdata__ZTVN8touchgfx3HALE)
 <LI><a href="#[c8]">touchgfx::HAL::noTouch()</a> from hal.o(.text) referenced from stm32f4hal.o(.constdata__ZTV10STM32F4HAL)
 <LI><a href="#[c8]">touchgfx::HAL::noTouch()</a> from hal.o(.text) referenced from hal.o(.constdata__ZTVN8touchgfx3HALE)
 <LI><a href="#[ae]">touchgfx::HAL::blitCopy(const unsigned short*, unsigned short, unsigned short, unsigned short, unsigned short, unsigned short, unsigned char, bool)</a> from hal.o(.text) referenced from stm32f4hal.o(.constdata__ZTV10STM32F4HAL)
 <LI><a href="#[ae]">touchgfx::HAL::blitCopy(const unsigned short*, unsigned short, unsigned short, unsigned short, unsigned short, unsigned short, unsigned char, bool)</a> from hal.o(.text) referenced from hal.o(.constdata__ZTVN8touchgfx3HALE)
 <LI><a href="#[ad]">touchgfx::HAL::blitCopy(const unsigned short*, unsigned short, unsigned short, unsigned short, unsigned short, unsigned short, unsigned char, bool, unsigned short, touchgfx::Bitmap::BitmapFormat, touchgfx::Bitmap::BitmapFormat)</a> from hal.o(.text) referenced from stm32f4hal.o(.constdata__ZTV10STM32F4HAL)
 <LI><a href="#[ad]">touchgfx::HAL::blitCopy(const unsigned short*, unsigned short, unsigned short, unsigned short, unsigned short, unsigned short, unsigned char, bool, unsigned short, touchgfx::Bitmap::BitmapFormat, touchgfx::Bitmap::BitmapFormat)</a> from hal.o(.text) referenced from hal.o(.constdata__ZTVN8touchgfx3HALE)
 <LI><a href="#[b2]">touchgfx::HAL::blitFill(touchgfx::colortype, unsigned short, unsigned short, unsigned short, unsigned short, unsigned char)</a> from hal.o(.text) referenced from stm32f4hal.o(.constdata__ZTV10STM32F4HAL)
 <LI><a href="#[b2]">touchgfx::HAL::blitFill(touchgfx::colortype, unsigned short, unsigned short, unsigned short, unsigned short, unsigned char)</a> from hal.o(.text) referenced from hal.o(.constdata__ZTVN8touchgfx3HALE)
 <LI><a href="#[b1]">touchgfx::HAL::blitFill(touchgfx::colortype, unsigned short, unsigned short, unsigned short, unsigned short, unsigned char, unsigned short, touchgfx::Bitmap::BitmapFormat)</a> from hal.o(.text) referenced from stm32f4hal.o(.constdata__ZTV10STM32F4HAL)
 <LI><a href="#[b1]">touchgfx::HAL::blitFill(touchgfx::colortype, unsigned short, unsigned short, unsigned short, unsigned short, unsigned char, unsigned short, touchgfx::Bitmap::BitmapFormat)</a> from hal.o(.text) referenced from hal.o(.constdata__ZTVN8touchgfx3HALE)
 <LI><a href="#[c5]">touchgfx::HAL::endFrame()</a> from hal.o(.text) referenced from stm32f4hal.o(.constdata__ZTV10STM32F4HAL)
 <LI><a href="#[c5]">touchgfx::HAL::endFrame()</a> from hal.o(.text) referenced from hal.o(.constdata__ZTVN8touchgfx3HALE)
 <LI><a href="#[a4]">touchgfx::HAL::flushDMA()</a> from hal.o(.text) referenced from stm32f4hal.o(.constdata__ZTV10STM32F4HAL)
 <LI><a href="#[a4]">touchgfx::HAL::flushDMA()</a> from hal.o(.text) referenced from hal.o(.constdata__ZTVN8touchgfx3HALE)
 <LI><a href="#[aa]">touchgfx::HAL::blockCopy(void*, const void*, unsigned)</a> from hal.o(.text) referenced from stm32f4hal.o(.constdata__ZTV10STM32F4HAL)
 <LI><a href="#[aa]">touchgfx::HAL::blockCopy(void*, const void*, unsigned)</a> from hal.o(.text) referenced from hal.o(.constdata__ZTVN8touchgfx3HALE)
 <LI><a href="#[be]">touchgfx::HAL::taskDelay(unsigned short)</a> from hal.o(i._ZN8touchgfx3HAL9taskDelayEt) referenced from stm32f4hal.o(.constdata__ZTV10STM32F4HAL)
 <LI><a href="#[be]">touchgfx::HAL::taskDelay(unsigned short)</a> from hal.o(i._ZN8touchgfx3HAL9taskDelayEt) referenced from hal.o(.constdata__ZTVN8touchgfx3HALE)
 <LI><a href="#[a0]">touchgfx::HAL::taskEntry()</a> from hal.o(.text) referenced from stm32f4hal.o(.constdata__ZTV10STM32F4HAL)
 <LI><a href="#[a0]">touchgfx::HAL::taskEntry()</a> from hal.o(.text) referenced from hal.o(.constdata__ZTVN8touchgfx3HALE)
 <LI><a href="#[a]">touchgfx::LCD::drawStringLTR(const touchgfx::Rect&, const touchgfx::Rect&, const touchgfx::LCD::StringVisuals&, const unsigned short*, std::__va_list)</a> from lcd.o(.text) referenced 2 times from texts.o(.data)
 <LI><a href="#[8e]">touchgfx::LCD::drawStringRTLInternal(short&, const touchgfx::Font*, unsigned char, touchgfx::TextProvider&, int, bool, const touchgfx::LCD::DrawStringInternalStruct*)</a> from lcd.o(.text) referenced from lcd.o(.constdata)
 <LI><a href="#[8d]">touchgfx::LCD::drawStringWidthInternal(short&, const touchgfx::Font*, unsigned char, touchgfx::TextProvider&, int, bool, const touchgfx::LCD::DrawStringInternalStruct*)</a> from lcd.o(.text) referenced 2 times from font.o(.constdata)
 <LI><a href="#[72]">touchgfx::Rect::Rect()</a> from application.o(i._ZN8touchgfx4RectC1Ev) referenced 2 times from application.o(.text)
 <LI><a href="#[175]">touchgfx::Image::setBitmap(const touchgfx::Bitmap&)</a> from image.o(.text) referenced from image.o(.constdata__ZTVN8touchgfx5ImageE)
 <LI><a href="#[77]">touchgfx::BlitOp::BlitOp()</a> from stm32f4dma.o(i._ZN8touchgfx6BlitOpC1Ev) referenced from stm32f4dma.o(i._ZN10STM32F4DMAC1Ev)
 <LI><a href="#[14f]">touchgfx::Button::setBitmaps(const touchgfx::Bitmap&, const touchgfx::Bitmap&)</a> from button.o(.text) referenced from buttonwithlabel.o(.constdata__ZTVN8touchgfx15ButtonWithLabelE)
 <LI><a href="#[14f]">touchgfx::Button::setBitmaps(const touchgfx::Bitmap&, const touchgfx::Bitmap&)</a> from button.o(.text) referenced from button.o(.constdata__ZTVN8touchgfx6ButtonE)
 <LI><a href="#[177]">touchgfx::Canvas::~Canvas__deallocating()</a> from canvas.o(.text) referenced from canvas.o(.constdata__ZTVN8touchgfx6CanvasE)
 <LI><a href="#[176]">touchgfx::Canvas::~Canvas()</a> from canvas.o(.text) referenced from canvas.o(.constdata__ZTVN8touchgfx6CanvasE)
 <LI><a href="#[179]">touchgfx::Screen::setupScreen()</a> from screen.o(i._ZN8touchgfx6Screen11setupScreenEv) referenced from screen.o(.constdata__ZTVN8touchgfx6ScreenE)
 <LI><a href="#[d3]">touchgfx::Screen::handleKeyEvent(unsigned char)</a> from screen.o(i._ZN8touchgfx6Screen14handleKeyEventEh) referenced from screen1view.o(.constdata__ZTV11Screen1View)
 <LI><a href="#[d3]">touchgfx::Screen::handleKeyEvent(unsigned char)</a> from screen.o(i._ZN8touchgfx6Screen14handleKeyEventEh) referenced from screen2view.o(.constdata__ZTV11Screen2View)
 <LI><a href="#[d3]">touchgfx::Screen::handleKeyEvent(unsigned char)</a> from screen.o(i._ZN8touchgfx6Screen14handleKeyEventEh) referenced from screen1viewbase.o(.constdata__ZTV15Screen1ViewBase)
 <LI><a href="#[d3]">touchgfx::Screen::handleKeyEvent(unsigned char)</a> from screen.o(i._ZN8touchgfx6Screen14handleKeyEventEh) referenced from screen2viewbase.o(.constdata__ZTV15Screen2ViewBase)
 <LI><a href="#[d3]">touchgfx::Screen::handleKeyEvent(unsigned char)</a> from screen.o(i._ZN8touchgfx6Screen14handleKeyEventEh) referenced from screen.o(.constdata__ZTVN8touchgfx6ScreenE)
 <LI><a href="#[dc]">touchgfx::Screen::tearDownScreen()</a> from screen.o(i._ZN8touchgfx6Screen14tearDownScreenEv) referenced from screen1viewbase.o(.constdata__ZTV15Screen1ViewBase)
 <LI><a href="#[dc]">touchgfx::Screen::tearDownScreen()</a> from screen.o(i._ZN8touchgfx6Screen14tearDownScreenEv) referenced from screen2viewbase.o(.constdata__ZTV15Screen2ViewBase)
 <LI><a href="#[dc]">touchgfx::Screen::tearDownScreen()</a> from screen.o(i._ZN8touchgfx6Screen14tearDownScreenEv) referenced from screen.o(.constdata__ZTVN8touchgfx6ScreenE)
 <LI><a href="#[cd]">touchgfx::Screen::afterTransition()</a> from screen.o(i._ZN8touchgfx6Screen15afterTransitionEv) referenced from screen1view.o(.constdata__ZTV11Screen1View)
 <LI><a href="#[cd]">touchgfx::Screen::afterTransition()</a> from screen.o(i._ZN8touchgfx6Screen15afterTransitionEv) referenced from screen2view.o(.constdata__ZTV11Screen2View)
 <LI><a href="#[cd]">touchgfx::Screen::afterTransition()</a> from screen.o(i._ZN8touchgfx6Screen15afterTransitionEv) referenced from screen1viewbase.o(.constdata__ZTV15Screen1ViewBase)
 <LI><a href="#[cd]">touchgfx::Screen::afterTransition()</a> from screen.o(i._ZN8touchgfx6Screen15afterTransitionEv) referenced from screen2viewbase.o(.constdata__ZTV15Screen2ViewBase)
 <LI><a href="#[cd]">touchgfx::Screen::afterTransition()</a> from screen.o(i._ZN8touchgfx6Screen15afterTransitionEv) referenced from screen.o(.constdata__ZTVN8touchgfx6ScreenE)
 <LI><a href="#[d0]">touchgfx::Screen::handleDragEvent(const touchgfx::DragEvent&)</a> from screen.o(.text) referenced from screen1view.o(.constdata__ZTV11Screen1View)
 <LI><a href="#[d0]">touchgfx::Screen::handleDragEvent(const touchgfx::DragEvent&)</a> from screen.o(.text) referenced from screen2view.o(.constdata__ZTV11Screen2View)
 <LI><a href="#[d0]">touchgfx::Screen::handleDragEvent(const touchgfx::DragEvent&)</a> from screen.o(.text) referenced from screen1viewbase.o(.constdata__ZTV15Screen1ViewBase)
 <LI><a href="#[d0]">touchgfx::Screen::handleDragEvent(const touchgfx::DragEvent&)</a> from screen.o(.text) referenced from screen2viewbase.o(.constdata__ZTV15Screen2ViewBase)
 <LI><a href="#[d0]">touchgfx::Screen::handleDragEvent(const touchgfx::DragEvent&)</a> from screen.o(.text) referenced from screen.o(.constdata__ZTVN8touchgfx6ScreenE)
 <LI><a href="#[d9]">touchgfx::Screen::handleTickEvent()</a> from screen.o(i._ZN8touchgfx6Screen15handleTickEventEv) referenced from screen2view.o(.constdata__ZTV11Screen2View)
 <LI><a href="#[d9]">touchgfx::Screen::handleTickEvent()</a> from screen.o(i._ZN8touchgfx6Screen15handleTickEventEv) referenced from screen1viewbase.o(.constdata__ZTV15Screen1ViewBase)
 <LI><a href="#[d9]">touchgfx::Screen::handleTickEvent()</a> from screen.o(i._ZN8touchgfx6Screen15handleTickEventEv) referenced from screen2viewbase.o(.constdata__ZTV15Screen2ViewBase)
 <LI><a href="#[d9]">touchgfx::Screen::handleTickEvent()</a> from screen.o(i._ZN8touchgfx6Screen15handleTickEventEv) referenced from screen.o(.constdata__ZTVN8touchgfx6ScreenE)
 <LI><a href="#[cf]">touchgfx::Screen::handleClickEvent(const touchgfx::ClickEvent&)</a> from screen.o(.text) referenced from screen1view.o(.constdata__ZTV11Screen1View)
 <LI><a href="#[cf]">touchgfx::Screen::handleClickEvent(const touchgfx::ClickEvent&)</a> from screen.o(.text) referenced from screen2view.o(.constdata__ZTV11Screen2View)
 <LI><a href="#[cf]">touchgfx::Screen::handleClickEvent(const touchgfx::ClickEvent&)</a> from screen.o(.text) referenced from screen1viewbase.o(.constdata__ZTV15Screen1ViewBase)
 <LI><a href="#[cf]">touchgfx::Screen::handleClickEvent(const touchgfx::ClickEvent&)</a> from screen.o(.text) referenced from screen2viewbase.o(.constdata__ZTV15Screen2ViewBase)
 <LI><a href="#[cf]">touchgfx::Screen::handleClickEvent(const touchgfx::ClickEvent&)</a> from screen.o(.text) referenced from screen.o(.constdata__ZTVN8touchgfx6ScreenE)
 <LI><a href="#[d1]">touchgfx::Screen::handleGestureEvent(const touchgfx::GestureEvent&)</a> from screen.o(.text) referenced from screen1view.o(.constdata__ZTV11Screen1View)
 <LI><a href="#[d1]">touchgfx::Screen::handleGestureEvent(const touchgfx::GestureEvent&)</a> from screen.o(.text) referenced from screen2view.o(.constdata__ZTV11Screen2View)
 <LI><a href="#[d1]">touchgfx::Screen::handleGestureEvent(const touchgfx::GestureEvent&)</a> from screen.o(.text) referenced from screen1viewbase.o(.constdata__ZTV15Screen1ViewBase)
 <LI><a href="#[d1]">touchgfx::Screen::handleGestureEvent(const touchgfx::GestureEvent&)</a> from screen.o(.text) referenced from screen2viewbase.o(.constdata__ZTV15Screen2ViewBase)
 <LI><a href="#[d1]">touchgfx::Screen::handleGestureEvent(const touchgfx::GestureEvent&)</a> from screen.o(.text) referenced from screen.o(.constdata__ZTVN8touchgfx6ScreenE)
 <LI><a href="#[cb]">touchgfx::Screen::draw(touchgfx::Rect&)</a> from screen.o(.text) referenced from screen1view.o(.constdata__ZTV11Screen1View)
 <LI><a href="#[cb]">touchgfx::Screen::draw(touchgfx::Rect&)</a> from screen.o(.text) referenced from screen2view.o(.constdata__ZTV11Screen2View)
 <LI><a href="#[cb]">touchgfx::Screen::draw(touchgfx::Rect&)</a> from screen.o(.text) referenced from screen1viewbase.o(.constdata__ZTV15Screen1ViewBase)
 <LI><a href="#[cb]">touchgfx::Screen::draw(touchgfx::Rect&)</a> from screen.o(.text) referenced from screen2viewbase.o(.constdata__ZTV15Screen2ViewBase)
 <LI><a href="#[cb]">touchgfx::Screen::draw(touchgfx::Rect&)</a> from screen.o(.text) referenced from screen.o(.constdata__ZTVN8touchgfx6ScreenE)
 <LI><a href="#[178]">touchgfx::Screen::~Screen()</a> from screen.o(i._ZN8touchgfx6ScreenD1Ev) referenced from screen.o(.constdata__ZTVN8touchgfx6ScreenE)
 <LI><a href="#[183]">touchgfx::Slider::setValueRange(int, int)</a> from slider.o(.text) referenced from slider.o(.constdata__ZTVN8touchgfx6SliderE)
 <LI><a href="#[182]">touchgfx::Slider::setValueRange(int, int, int)</a> from slider.o(.text) referenced from slider.o(.constdata__ZTVN8touchgfx6SliderE)
 <LI><a href="#[17d]">touchgfx::Slider::handleDragEvent(const touchgfx::DragEvent&)</a> from slider.o(.text) referenced from slider.o(.constdata__ZTVN8touchgfx6SliderE)
 <LI><a href="#[17c]">touchgfx::Slider::handleClickEvent(const touchgfx::ClickEvent&)</a> from slider.o(.text) referenced from slider.o(.constdata__ZTVN8touchgfx6SliderE)
 <LI><a href="#[181]">touchgfx::Slider::setupVerticalSlider(unsigned short, unsigned short, unsigned short, unsigned short, unsigned short)</a> from slider.o(.text) referenced from slider.o(.constdata__ZTVN8touchgfx6SliderE)
 <LI><a href="#[180]">touchgfx::Slider::setupHorizontalSlider(unsigned short, unsigned short, unsigned short, unsigned short, unsigned short)</a> from slider.o(.text) referenced from slider.o(.constdata__ZTVN8touchgfx6SliderE)
 <LI><a href="#[185]">touchgfx::Slider::updateIndicatorPosition(short)</a> from slider.o(.text) referenced from slider.o(.constdata__ZTVN8touchgfx6SliderE)
 <LI><a href="#[184]">touchgfx::Slider::setValue(int)</a> from slider.o(.text) referenced from slider.o(.constdata__ZTVN8touchgfx6SliderE)
 <LI><a href="#[17b]">touchgfx::Slider::~Slider__deallocating()</a> from slider.o(.text) referenced from slider.o(.constdata__ZTVN8touchgfx6SliderE)
 <LI><a href="#[17a]">touchgfx::Slider::~Slider()</a> from slider.o(.text) referenced from slider.o(.constdata__ZTVN8touchgfx6SliderE)
 <LI><a href="#[11f]">touchgfx::Widget::getLastChild(short, short, touchgfx::Drawable**)</a> from abstractbutton.o(i._ZN8touchgfx6Widget12getLastChildEssPPNS_8DrawableE) referenced from radiobutton.o(.constdata__ZTVN8touchgfx11RadioButtonE)
 <LI><a href="#[11f]">touchgfx::Widget::getLastChild(short, short, touchgfx::Drawable**)</a> from abstractbutton.o(i._ZN8touchgfx6Widget12getLastChildEssPPNS_8DrawableE) referenced from canvaswidget.o(.constdata__ZTVN8touchgfx12CanvasWidgetE)
 <LI><a href="#[11f]">touchgfx::Widget::getLastChild(short, short, touchgfx::Drawable**)</a> from abstractbutton.o(i._ZN8touchgfx6Widget12getLastChildEssPPNS_8DrawableE) referenced from togglebutton.o(.constdata__ZTVN8touchgfx12ToggleButtonE)
 <LI><a href="#[11f]">touchgfx::Widget::getLastChild(short, short, touchgfx::Drawable**)</a> from abstractbutton.o(i._ZN8touchgfx6Widget12getLastChildEssPPNS_8DrawableE) referenced from abstractbutton.o(.constdata__ZTVN8touchgfx14AbstractButtonE)
 <LI><a href="#[11f]">touchgfx::Widget::getLastChild(short, short, touchgfx::Drawable**)</a> from abstractbutton.o(i._ZN8touchgfx6Widget12getLastChildEssPPNS_8DrawableE) referenced from buttonwithlabel.o(.constdata__ZTVN8touchgfx15ButtonWithLabelE)
 <LI><a href="#[11f]">touchgfx::Widget::getLastChild(short, short, touchgfx::Drawable**)</a> from abstractbutton.o(i._ZN8touchgfx6Widget12getLastChildEssPPNS_8DrawableE) referenced from screen1viewbase.o(.constdata__ZTVN8touchgfx23TextAreaWithOneWildcardE)
 <LI><a href="#[11f]">touchgfx::Widget::getLastChild(short, short, touchgfx::Drawable**)</a> from abstractbutton.o(i._ZN8touchgfx6Widget12getLastChildEssPPNS_8DrawableE) referenced from box.o(.constdata__ZTVN8touchgfx3BoxE)
 <LI><a href="#[11f]">touchgfx::Widget::getLastChild(short, short, touchgfx::Drawable**)</a> from abstractbutton.o(i._ZN8touchgfx6Widget12getLastChildEssPPNS_8DrawableE) referenced from line.o(.constdata__ZTVN8touchgfx4LineE)
 <LI><a href="#[11f]">touchgfx::Widget::getLastChild(short, short, touchgfx::Drawable**)</a> from abstractbutton.o(i._ZN8touchgfx6Widget12getLastChildEssPPNS_8DrawableE) referenced from image.o(.constdata__ZTVN8touchgfx5ImageE)
 <LI><a href="#[11f]">touchgfx::Widget::getLastChild(short, short, touchgfx::Drawable**)</a> from abstractbutton.o(i._ZN8touchgfx6Widget12getLastChildEssPPNS_8DrawableE) referenced from button.o(.constdata__ZTVN8touchgfx6ButtonE)
 <LI><a href="#[11f]">touchgfx::Widget::getLastChild(short, short, touchgfx::Drawable**)</a> from abstractbutton.o(i._ZN8touchgfx6Widget12getLastChildEssPPNS_8DrawableE) referenced from screen1viewbase.o(.constdata__ZTVN8touchgfx6WidgetE)
 <LI><a href="#[11f]">touchgfx::Widget::getLastChild(short, short, touchgfx::Drawable**)</a> from abstractbutton.o(i._ZN8touchgfx6Widget12getLastChildEssPPNS_8DrawableE) referenced from textarea.o(.constdata__ZTVN8touchgfx8TextAreaE)
 <LI><a href="#[73]">touchgfx::CWRUtil::Q5::Q5()</a> from line.o(i._ZN8touchgfx7CWRUtil2Q5C1Ev) referenced from line.o(.text)
 <LI><a href="#[18c]">touchgfx::Outline::~Outline__deallocating()</a> from outline.o(.text) referenced from outline.o(.constdata__ZTVN8touchgfx7OutlineE)
 <LI><a href="#[18b]">touchgfx::Outline::~Outline()</a> from outline.o(.text) referenced from outline.o(.constdata__ZTVN8touchgfx7OutlineE)
 <LI><a href="#[18d]">touchgfx::Callback&lang;Screen1View, const touchgfx::AbstractButton&, void, void&rang;::execute(const touchgfx::AbstractButton&)</a> from screen1view.o(t._ZN8touchgfx8CallbackI11Screen1ViewRKNS_14AbstractButtonEvvE7executeES4_) referenced from screen1view.o(.constdata__ZTVN8touchgfx8CallbackI11Screen1ViewRKNS_14AbstractButtonEvvEE)
 <LI><a href="#[18f]">touchgfx::Callback&lang;Screen1ViewBase, const touchgfx::AbstractButton&, void, void&rang;::execute(const touchgfx::AbstractButton&)</a> from screen1viewbase.o(t._ZN8touchgfx8CallbackI15Screen1ViewBaseRKNS_14AbstractButtonEvvE7executeES4_) referenced from screen1viewbase.o(.constdata__ZTVN8touchgfx8CallbackI15Screen1ViewBaseRKNS_14AbstractButtonEvvEE)
 <LI><a href="#[191]">touchgfx::Callback&lang;Screen1ViewBase, const touchgfx::Slider&, int, void&rang;::execute(const touchgfx::Slider&, int)</a> from screen1viewbase.o(t._ZN8touchgfx8CallbackI15Screen1ViewBaseRKNS_6SliderEivE7executeES4_i) referenced from screen1viewbase.o(.constdata__ZTVN8touchgfx8CallbackI15Screen1ViewBaseRKNS_6SliderEivEE)
 <LI><a href="#[193]">touchgfx::Callback&lang;Screen2ViewBase, const touchgfx::AbstractButton&, void, void&rang;::execute(const touchgfx::AbstractButton&)</a> from screen2viewbase.o(t._ZN8touchgfx8CallbackI15Screen2ViewBaseRKNS_14AbstractButtonEvvE7executeES4_) referenced from screen2viewbase.o(.constdata__ZTVN8touchgfx8CallbackI15Screen2ViewBaseRKNS_14AbstractButtonEvvEE)
 <LI><a href="#[195]">touchgfx::Callback&lang;FrontendApplicationBase, void, void, void&rang;::execute()</a> from frontendapplicationbase.o(t._ZN8touchgfx8CallbackI23FrontendApplicationBasevvvE7executeEv) referenced from frontendapplicationbase.o(.constdata__ZTVN8touchgfx8CallbackI23FrontendApplicationBasevvvEE)
[...]
</UL>
<BR>[Calls]<UL><LI><a href="#[2b9]">&gt;&gt;</a>&nbsp;&nbsp;&nbsp;HAL_TIM_ConfigClockSource
<LI><a href="#[299]">&gt;&gt;</a>&nbsp;&nbsp;&nbsp;HAL_TIM_Base_Init
<LI><a href="#[2d8]">&gt;&gt;</a>&nbsp;&nbsp;&nbsp;HAL_TIMEx_MasterConfigSynchronization
</UL>
<BR>[Called By]<UL><LI><a href="#[6f]">&gt;&gt;</a>&nbsp;&nbsp;&nbsp;main
</UL>

<P><STRONG><a name="[1b1]"></a>__sti___22_BoardConfiguration_cpp_2f1c5dae</STRONG> (Thumb, 86 bytes, Stack size 8 bytes, boardconfiguration.o(i.__sti___22_BoardConfiguration_cpp_2f1c5dae))
<BR><BR>[Stack]<UL><LI>Max Depth = 52<LI>Call Chain = __sti___22_BoardConfiguration_cpp_2f1c5dae &rArr; __aeabi_atexit &rArr; malloc
</UL>
<BR>[Calls]<UL><LI><a href="#[2ea]">&gt;&gt;</a>&nbsp;&nbsp;&nbsp;STM32F4DMA::STM32F4DMA()
<LI><a href="#[261]">&gt;&gt;</a>&nbsp;&nbsp;&nbsp;__aeabi_atexit
</UL>
<BR>[Address Reference Count : 1]<UL><LI> boardconfiguration.o(.init_array)
</UL>
<P><STRONG><a name="[2e8]"></a>HAL_DMA2D_SetMode(__DMA2D_HandleTypeDef*, unsigned, unsigned, unsigned)</STRONG> (Thumb, 42 bytes, Stack size 12 bytes, stm32f4dma.o(i._Z17HAL_DMA2D_SetModeP21__DMA2D_HandleTypeDefjjj))
<BR><BR>[Stack]<UL><LI>Max Depth = 12<LI>Call Chain = HAL_DMA2D_SetMode(__DMA2D_HandleTypeDef*, unsigned, unsigned, unsigned)
</UL>
<BR>[Called By]<UL><LI><a href="#[9a]">&gt;&gt;</a>&nbsp;&nbsp;&nbsp;STM32F4DMA::setupDataFill(const touchgfx::BlitOp&)
<LI><a href="#[99]">&gt;&gt;</a>&nbsp;&nbsp;&nbsp;STM32F4DMA::setupDataCopy(const touchgfx::BlitOp&)
</UL>

<P><STRONG><a name="[75]"></a>DMA2D_XferCpltCallback(__DMA2D_HandleTypeDef*)</STRONG> (Thumb, 12 bytes, Stack size 0 bytes, stm32f4dma.o(i._Z22DMA2D_XferCpltCallbackP21__DMA2D_HandleTypeDef))
<BR>[Address Reference Count : 1]<UL><LI> stm32f4dma.o(i._ZN10STM32F4DMA10initializeEv)
</UL>
<P><STRONG><a name="[76]"></a>DMA2D_XferErrorCallback(__DMA2D_HandleTypeDef*)</STRONG> (Thumb, 2 bytes, Stack size 0 bytes, stm32f4dma.o(i._Z23DMA2D_XferErrorCallbackP21__DMA2D_HandleTypeDef))
<BR>[Address Reference Count : 1]<UL><LI> stm32f4dma.o(i._ZN10STM32F4DMA10initializeEv)
</UL>
<P><STRONG><a name="[2ec]"></a>__NVIC_EnableIRQ(IRQn_Type)</STRONG> (Thumb, 26 bytes, Stack size 0 bytes, stm32f4hal.o(i._Z16__NVIC_EnableIRQ9IRQn_Type))
<BR><BR>[Called By]<UL><LI><a href="#[b8]">&gt;&gt;</a>&nbsp;&nbsp;&nbsp;STM32F4HAL::enableInterrupts()
</UL>

<P><STRONG><a name="[2ed]"></a>__NVIC_DisableIRQ(IRQn_Type)</STRONG> (Thumb, 34 bytes, Stack size 0 bytes, stm32f4hal.o(i._Z17__NVIC_DisableIRQ9IRQn_Type))
<BR><BR>[Called By]<UL><LI><a href="#[b9]">&gt;&gt;</a>&nbsp;&nbsp;&nbsp;STM32F4HAL::disableInterrupts()
</UL>

<P><STRONG><a name="[2ee]"></a>__NVIC_SetPriority(IRQn_Type, unsigned)</STRONG> (Thumb, 32 bytes, Stack size 0 bytes, stm32f4hal.o(i._Z18__NVIC_SetPriority9IRQn_Typej))
<BR><BR>[Called By]<UL><LI><a href="#[b7]">&gt;&gt;</a>&nbsp;&nbsp;&nbsp;STM32F4HAL::configureInterrupts()
</UL>

<P><STRONG><a name="[2b3]"></a>HAL_FMC_MspInit()</STRONG> (Thumb, 162 bytes, Stack size 48 bytes, hw_init.o(i._Z15HAL_FMC_MspInitv))
<BR><BR>[Stack]<UL><LI>Max Depth = 88<LI>Call Chain = HAL_FMC_MspInit() &rArr; HAL_GPIO_Init
</UL>
<BR>[Calls]<UL><LI><a href="#[272]">&gt;&gt;</a>&nbsp;&nbsp;&nbsp;HAL_GPIO_Init
<LI><a href="#[2a8]">&gt;&gt;</a>&nbsp;&nbsp;&nbsp;__aeabi_memclr4
</UL>
<BR>[Called By]<UL><LI><a href="#[2b0]">&gt;&gt;</a>&nbsp;&nbsp;&nbsp;HAL_SDRAM_MspInit
</UL>

<P><STRONG><a name="[286]"></a>DMA2D_SetConfig</STRONG> (Thumb, 150 bytes, Stack size 20 bytes, stm32f4xx_hal_dma2d.o(i.DMA2D_SetConfig))
<BR><BR>[Stack]<UL><LI>Max Depth = 20<LI>Call Chain = DMA2D_SetConfig
</UL>
<BR>[Called By]<UL><LI><a href="#[291]">&gt;&gt;</a>&nbsp;&nbsp;&nbsp;HAL_DMA2D_Start_IT
<LI><a href="#[285]">&gt;&gt;</a>&nbsp;&nbsp;&nbsp;HAL_DMA2D_BlendingStart_IT
</UL>

<P><STRONG><a name="[29c]"></a>LTDC_SetConfig</STRONG> (Thumb, 354 bytes, Stack size 20 bytes, stm32f4xx_hal_ltdc.o(i.LTDC_SetConfig))
<BR><BR>[Stack]<UL><LI>Max Depth = 20<LI>Call Chain = LTDC_SetConfig
</UL>
<BR>[Called By]<UL><LI><a href="#[29b]">&gt;&gt;</a>&nbsp;&nbsp;&nbsp;HAL_LTDC_ConfigLayer
</UL>

<P><STRONG><a name="[2bd]"></a>TIM_ITRx_SetConfig</STRONG> (Thumb, 16 bytes, Stack size 0 bytes, stm32f4xx_hal_tim.o(i.TIM_ITRx_SetConfig))
<BR><BR>[Called By]<UL><LI><a href="#[2b9]">&gt;&gt;</a>&nbsp;&nbsp;&nbsp;HAL_TIM_ConfigClockSource
</UL>

<P><STRONG><a name="[2bb]"></a>TIM_TI1_ConfigInputStage</STRONG> (Thumb, 34 bytes, Stack size 8 bytes, stm32f4xx_hal_tim.o(i.TIM_TI1_ConfigInputStage))
<BR><BR>[Stack]<UL><LI>Max Depth = 8<LI>Call Chain = TIM_TI1_ConfigInputStage
</UL>
<BR>[Called By]<UL><LI><a href="#[2b9]">&gt;&gt;</a>&nbsp;&nbsp;&nbsp;HAL_TIM_ConfigClockSource
</UL>

<P><STRONG><a name="[2bc]"></a>TIM_TI2_ConfigInputStage</STRONG> (Thumb, 36 bytes, Stack size 8 bytes, stm32f4xx_hal_tim.o(i.TIM_TI2_ConfigInputStage))
<BR><BR>[Stack]<UL><LI>Max Depth = 8<LI>Call Chain = TIM_TI2_ConfigInputStage
</UL>
<BR>[Called By]<UL><LI><a href="#[2b9]">&gt;&gt;</a>&nbsp;&nbsp;&nbsp;HAL_TIM_ConfigClockSource
</UL>

<P><STRONG><a name="[2c9]"></a>UART_SetConfig</STRONG> (Thumb, 676 bytes, Stack size 24 bytes, stm32f4xx_hal_uart.o(i.UART_SetConfig))
<BR><BR>[Stack]<UL><LI>Max Depth = 24<LI>Call Chain = UART_SetConfig
</UL>
<BR>[Calls]<UL><LI><a href="#[298]">&gt;&gt;</a>&nbsp;&nbsp;&nbsp;HAL_RCC_GetPCLK1Freq
<LI><a href="#[2cc]">&gt;&gt;</a>&nbsp;&nbsp;&nbsp;HAL_RCC_GetPCLK2Freq
</UL>
<BR>[Called By]<UL><LI><a href="#[2c7]">&gt;&gt;</a>&nbsp;&nbsp;&nbsp;HAL_UART_Init
</UL>

<P><STRONG><a name="[2a9]"></a>__NVIC_SetPriority</STRONG> (Thumb, 32 bytes, Stack size 0 bytes, stm32f4xx_hal_cortex.o(i.__NVIC_SetPriority))
<BR><BR>[Called By]<UL><LI><a href="#[28f]">&gt;&gt;</a>&nbsp;&nbsp;&nbsp;HAL_NVIC_SetPriority
</UL>

<P><STRONG><a name="[34f]"></a>prvCopyDataFromQueue</STRONG> (Thumb, 38 bytes, Stack size 8 bytes, queue.o(i.prvCopyDataFromQueue))
<BR><BR>[Stack]<UL><LI>Max Depth = 8<LI>Call Chain = prvCopyDataFromQueue
</UL>
<BR>[Calls]<UL><LI><a href="#[350]">&gt;&gt;</a>&nbsp;&nbsp;&nbsp;__aeabi_memcpy
</UL>
<BR>[Called By]<UL><LI><a href="#[320]">&gt;&gt;</a>&nbsp;&nbsp;&nbsp;xQueueReceive
</UL>

<P><STRONG><a name="[351]"></a>prvCopyDataToQueue</STRONG> (Thumb, 108 bytes, Stack size 24 bytes, queue.o(i.prvCopyDataToQueue))
<BR><BR>[Stack]<UL><LI>Max Depth = 40<LI>Call Chain = prvCopyDataToQueue &rArr; xTaskPriorityDisinherit
</UL>
<BR>[Calls]<UL><LI><a href="#[352]">&gt;&gt;</a>&nbsp;&nbsp;&nbsp;xTaskPriorityDisinherit
<LI><a href="#[350]">&gt;&gt;</a>&nbsp;&nbsp;&nbsp;__aeabi_memcpy
</UL>
<BR>[Called By]<UL><LI><a href="#[31f]">&gt;&gt;</a>&nbsp;&nbsp;&nbsp;xQueueGenericSendFromISR
<LI><a href="#[31e]">&gt;&gt;</a>&nbsp;&nbsp;&nbsp;xQueueGenericSend
</UL>

<P><STRONG><a name="[356]"></a>prvInitialiseNewQueue</STRONG> (Thumb, 34 bytes, Stack size 16 bytes, queue.o(i.prvInitialiseNewQueue))
<BR><BR>[Stack]<UL><LI>Max Depth = 56<LI>Call Chain = prvInitialiseNewQueue &rArr; xQueueGenericReset &rArr; xTaskRemoveFromEventList
</UL>
<BR>[Calls]<UL><LI><a href="#[357]">&gt;&gt;</a>&nbsp;&nbsp;&nbsp;xQueueGenericReset
</UL>
<BR>[Called By]<UL><LI><a href="#[31d]">&gt;&gt;</a>&nbsp;&nbsp;&nbsp;xQueueGenericCreate
</UL>

<P><STRONG><a name="[35b]"></a>prvIsQueueEmpty</STRONG> (Thumb, 28 bytes, Stack size 8 bytes, queue.o(i.prvIsQueueEmpty))
<BR><BR>[Stack]<UL><LI>Max Depth = 8<LI>Call Chain = prvIsQueueEmpty
</UL>
<BR>[Calls]<UL><LI><a href="#[341]">&gt;&gt;</a>&nbsp;&nbsp;&nbsp;vPortExitCritical
<LI><a href="#[340]">&gt;&gt;</a>&nbsp;&nbsp;&nbsp;vPortEnterCritical
</UL>
<BR>[Called By]<UL><LI><a href="#[321]">&gt;&gt;</a>&nbsp;&nbsp;&nbsp;xQueueSemaphoreTake
<LI><a href="#[320]">&gt;&gt;</a>&nbsp;&nbsp;&nbsp;xQueueReceive
</UL>

<P><STRONG><a name="[35e]"></a>prvUnlockQueue</STRONG> (Thumb, 106 bytes, Stack size 24 bytes, queue.o(i.prvUnlockQueue))
<BR><BR>[Stack]<UL><LI>Max Depth = 48<LI>Call Chain = prvUnlockQueue &rArr; xTaskRemoveFromEventList
</UL>
<BR>[Calls]<UL><LI><a href="#[35f]">&gt;&gt;</a>&nbsp;&nbsp;&nbsp;xTaskRemoveFromEventList
<LI><a href="#[360]">&gt;&gt;</a>&nbsp;&nbsp;&nbsp;vTaskMissedYield
<LI><a href="#[341]">&gt;&gt;</a>&nbsp;&nbsp;&nbsp;vPortExitCritical
<LI><a href="#[340]">&gt;&gt;</a>&nbsp;&nbsp;&nbsp;vPortEnterCritical
</UL>
<BR>[Called By]<UL><LI><a href="#[321]">&gt;&gt;</a>&nbsp;&nbsp;&nbsp;xQueueSemaphoreTake
<LI><a href="#[320]">&gt;&gt;</a>&nbsp;&nbsp;&nbsp;xQueueReceive
<LI><a href="#[31e]">&gt;&gt;</a>&nbsp;&nbsp;&nbsp;xQueueGenericSend
</UL>

<P><STRONG><a name="[349]"></a>prvAddCurrentTaskToDelayedList</STRONG> (Thumb, 102 bytes, Stack size 24 bytes, tasks.o(i.prvAddCurrentTaskToDelayedList))
<BR><BR>[Stack]<UL><LI>Max Depth = 36<LI>Call Chain = prvAddCurrentTaskToDelayedList &rArr; vListInsert
</UL>
<BR>[Calls]<UL><LI><a href="#[34b]">&gt;&gt;</a>&nbsp;&nbsp;&nbsp;vListInsertEnd
<LI><a href="#[34c]">&gt;&gt;</a>&nbsp;&nbsp;&nbsp;vListInsert
<LI><a href="#[34a]">&gt;&gt;</a>&nbsp;&nbsp;&nbsp;uxListRemove
</UL>
<BR>[Called By]<UL><LI><a href="#[36d]">&gt;&gt;</a>&nbsp;&nbsp;&nbsp;vTaskPlaceOnEventList
<LI><a href="#[344]">&gt;&gt;</a>&nbsp;&nbsp;&nbsp;vTaskDelay
</UL>

<P><STRONG><a name="[34d]"></a>prvAddNewTaskToReadyList</STRONG> (Thumb, 196 bytes, Stack size 24 bytes, tasks.o(i.prvAddNewTaskToReadyList))
<BR><BR>[Stack]<UL><LI>Max Depth = 24<LI>Call Chain = prvAddNewTaskToReadyList
</UL>
<BR>[Calls]<UL><LI><a href="#[34b]">&gt;&gt;</a>&nbsp;&nbsp;&nbsp;vListInsertEnd
<LI><a href="#[341]">&gt;&gt;</a>&nbsp;&nbsp;&nbsp;vPortExitCritical
<LI><a href="#[340]">&gt;&gt;</a>&nbsp;&nbsp;&nbsp;vPortEnterCritical
<LI><a href="#[34e]">&gt;&gt;</a>&nbsp;&nbsp;&nbsp;vListInitialise
</UL>
<BR>[Called By]<UL><LI><a href="#[347]">&gt;&gt;</a>&nbsp;&nbsp;&nbsp;xTaskCreateStatic
<LI><a href="#[348]">&gt;&gt;</a>&nbsp;&nbsp;&nbsp;xTaskCreate
</UL>

<P><STRONG><a name="[353]"></a>prvDeleteTCB</STRONG> (Thumb, 52 bytes, Stack size 8 bytes, tasks.o(i.prvDeleteTCB))
<BR><BR>[Stack]<UL><LI>Max Depth = 80<LI>Call Chain = prvDeleteTCB &rArr; vPortFree &rArr; xTaskResumeAll &rArr; xTaskIncrementTick
</UL>
<BR>[Calls]<UL><LI><a href="#[354]">&gt;&gt;</a>&nbsp;&nbsp;&nbsp;vPortFree
</UL>
<BR>[Called By]<UL><LI><a href="#[81]">&gt;&gt;</a>&nbsp;&nbsp;&nbsp;prvIdleTask
</UL>

<P><STRONG><a name="[81]"></a>prvIdleTask</STRONG> (Thumb, 86 bytes, Stack size 0 bytes, tasks.o(i.prvIdleTask))
<BR><BR>[Stack]<UL><LI>Max Depth = 80<LI>Call Chain = prvIdleTask &rArr; prvDeleteTCB &rArr; vPortFree &rArr; xTaskResumeAll &rArr; xTaskIncrementTick
</UL>
<BR>[Calls]<UL><LI><a href="#[34a]">&gt;&gt;</a>&nbsp;&nbsp;&nbsp;uxListRemove
<LI><a href="#[341]">&gt;&gt;</a>&nbsp;&nbsp;&nbsp;vPortExitCritical
<LI><a href="#[340]">&gt;&gt;</a>&nbsp;&nbsp;&nbsp;vPortEnterCritical
<LI><a href="#[353]">&gt;&gt;</a>&nbsp;&nbsp;&nbsp;prvDeleteTCB
<LI><a href="#[355]">&gt;&gt;</a>&nbsp;&nbsp;&nbsp;vApplicationIdleHook
</UL>
<BR>[Address Reference Count : 1]<UL><LI> tasks.o(i.vTaskStartScheduler)
</UL>
<P><STRONG><a name="[358]"></a>prvInitialiseNewTask</STRONG> (Thumb, 160 bytes, Stack size 32 bytes, tasks.o(i.prvInitialiseNewTask))
<BR><BR>[Stack]<UL><LI>Max Depth = 40<LI>Call Chain = prvInitialiseNewTask &rArr; pxPortInitialiseStack
</UL>
<BR>[Calls]<UL><LI><a href="#[359]">&gt;&gt;</a>&nbsp;&nbsp;&nbsp;vListInitialiseItem
<LI><a href="#[35a]">&gt;&gt;</a>&nbsp;&nbsp;&nbsp;pxPortInitialiseStack
<LI><a href="#[25f]">&gt;&gt;</a>&nbsp;&nbsp;&nbsp;__aeabi_memset
</UL>
<BR>[Called By]<UL><LI><a href="#[347]">&gt;&gt;</a>&nbsp;&nbsp;&nbsp;xTaskCreateStatic
<LI><a href="#[348]">&gt;&gt;</a>&nbsp;&nbsp;&nbsp;xTaskCreate
</UL>

<P><STRONG><a name="[35c]"></a>prvListTasksWithinSingleList</STRONG> (Thumb, 88 bytes, Stack size 32 bytes, tasks.o(i.prvListTasksWithinSingleList))
<BR><BR>[Stack]<UL><LI>Max Depth = 112<LI>Call Chain = prvListTasksWithinSingleList &rArr; vTaskGetInfo &rArr; xTaskResumeAll &rArr; xTaskIncrementTick
</UL>
<BR>[Calls]<UL><LI><a href="#[35d]">&gt;&gt;</a>&nbsp;&nbsp;&nbsp;vTaskGetInfo
</UL>
<BR>[Called By]<UL><LI><a href="#[368]">&gt;&gt;</a>&nbsp;&nbsp;&nbsp;uxTaskGetSystemState
</UL>

<P><STRONG><a name="[37a]"></a>prvResetNextTaskUnblockTime</STRONG> (Thumb, 26 bytes, Stack size 0 bytes, tasks.o(i.prvResetNextTaskUnblockTime))
<BR><BR>[Called By]<UL><LI><a href="#[367]">&gt;&gt;</a>&nbsp;&nbsp;&nbsp;xTaskResumeAll
<LI><a href="#[2ca]">&gt;&gt;</a>&nbsp;&nbsp;&nbsp;xTaskIncrementTick
</UL>

<P><STRONG><a name="[361]"></a>prvWriteNameToBuffer</STRONG> (Thumb, 34 bytes, Stack size 8 bytes, tasks.o(i.prvWriteNameToBuffer))
<BR><BR>[Stack]<UL><LI>Max Depth = 8<LI>Call Chain = prvWriteNameToBuffer
</UL>
<BR>[Calls]<UL><LI><a href="#[2ef]">&gt;&gt;</a>&nbsp;&nbsp;&nbsp;strcpy
<LI><a href="#[362]">&gt;&gt;</a>&nbsp;&nbsp;&nbsp;strlen
</UL>
<BR>[Called By]<UL><LI><a href="#[2d1]">&gt;&gt;</a>&nbsp;&nbsp;&nbsp;vTaskList
<LI><a href="#[2d2]">&gt;&gt;</a>&nbsp;&nbsp;&nbsp;vTaskGetRunTimeStats
</UL>

<P><STRONG><a name="[346]"></a>makeFreeRtosPriority</STRONG> (Thumb, 12 bytes, Stack size 0 bytes, cmsis_os.o(i.makeFreeRtosPriority))
<BR><BR>[Called By]<UL><LI><a href="#[342]">&gt;&gt;</a>&nbsp;&nbsp;&nbsp;osThreadCreate
</UL>

<P><STRONG><a name="[365]"></a>prvHeapInit</STRONG> (Thumb, 64 bytes, Stack size 0 bytes, heap_4.o(i.prvHeapInit))
<BR><BR>[Called By]<UL><LI><a href="#[363]">&gt;&gt;</a>&nbsp;&nbsp;&nbsp;pvPortMalloc
</UL>

<P><STRONG><a name="[366]"></a>prvInsertBlockIntoFreeList</STRONG> (Thumb, 72 bytes, Stack size 12 bytes, heap_4.o(i.prvInsertBlockIntoFreeList))
<BR><BR>[Stack]<UL><LI>Max Depth = 12<LI>Call Chain = prvInsertBlockIntoFreeList
</UL>
<BR>[Called By]<UL><LI><a href="#[354]">&gt;&gt;</a>&nbsp;&nbsp;&nbsp;vPortFree
<LI><a href="#[363]">&gt;&gt;</a>&nbsp;&nbsp;&nbsp;pvPortMalloc
</UL>

<P><STRONG><a name="[7f]"></a>prvTaskExitError</STRONG> (Thumb, 36 bytes, Stack size 0 bytes, port.o(i.prvTaskExitError))
<BR>[Address Reference Count : 1]<UL><LI> port.o(i.pxPortInitialiseStack)
</UL>
<P><STRONG><a name="[80]"></a>IdleTaskHook(void*)</STRONG> (Thumb, 20 bytes, Stack size 8 bytes, oswrappers.o(i._Z12IdleTaskHookPv))
<BR><BR>[Stack]<UL><LI>Max Depth = 16<LI>Call Chain = IdleTaskHook(void*) &rArr; touchgfx::HAL::setMCUActive(bool)
</UL>
<BR>[Calls]<UL><LI><a href="#[1fb]">&gt;&gt;</a>&nbsp;&nbsp;&nbsp;touchgfx::HAL::setMCUActive(bool)
</UL>
<BR>[Address Reference Count : 1]<UL><LI> oswrappers.o(i.vApplicationIdleHook)
</UL>
<P><STRONG><a name="[328]"></a>touchgfx::prepareTransition(touchgfx::Screen**, touchgfx::Presenter**, touchgfx::Transition**)</STRONG> (Thumb, 84 bytes, Stack size 16 bytes, frontendapplicationbase.o(i._ZN8touchgfx17prepareTransitionEPPNS_6ScreenEPPNS_9PresenterEPPNS_10TransitionE))
<BR><BR>[Stack]<UL><LI>Max Depth = 16<LI>Call Chain = touchgfx::prepareTransition(touchgfx::Screen**, touchgfx::Presenter**, touchgfx::Transition**)
</UL>
<BR>[Calls]<UL><LI><a href="#[1eb]">&gt;&gt;</a>&nbsp;&nbsp;&nbsp;touchgfx::Application::getInstance()
<LI><a href="#[329]">&gt;&gt;</a>&nbsp;&nbsp;&nbsp;touchgfx::Application::clearAllTimerWidgets()
</UL>
<BR>[Called By]<UL><LI><a href="#[31b]">&gt;&gt;</a>&nbsp;&nbsp;&nbsp;T2* touchgfx::makeTransition&lang;Screen2View, Screen2Presenter, touchgfx::NoTransition, Model&rang;(touchgfx::Screen**, touchgfx::Presenter**, touchgfx::MVPHeap&, touchgfx::Transition**, T4*)
<LI><a href="#[31a]">&gt;&gt;</a>&nbsp;&nbsp;&nbsp;T2* touchgfx::makeTransition&lang;Screen1View, Screen1Presenter, touchgfx::NoTransition, Model&rang;(touchgfx::Screen**, touchgfx::Presenter**, touchgfx::MVPHeap&, touchgfx::Transition**, T4*)
</UL>

<P><STRONG><a name="[32a]"></a>touchgfx::finalizeTransition(touchgfx::Screen*, touchgfx::Presenter*, touchgfx::Transition*)</STRONG> (Thumb, 54 bytes, Stack size 16 bytes, frontendapplicationbase.o(i._ZN8touchgfx18finalizeTransitionEPNS_6ScreenEPNS_9PresenterEPNS_10TransitionE))
<BR><BR>[Stack]<UL><LI>Max Depth = 16<LI>Call Chain = touchgfx::finalizeTransition(touchgfx::Screen*, touchgfx::Presenter*, touchgfx::Transition*)
</UL>
<BR>[Calls]<UL><LI><a href="#[1eb]">&gt;&gt;</a>&nbsp;&nbsp;&nbsp;touchgfx::Application::getInstance()
<LI><a href="#[32b]">&gt;&gt;</a>&nbsp;&nbsp;&nbsp;touchgfx::Screen::bindTransition(touchgfx::Transition&)
</UL>
<BR>[Called By]<UL><LI><a href="#[31b]">&gt;&gt;</a>&nbsp;&nbsp;&nbsp;T2* touchgfx::makeTransition&lang;Screen2View, Screen2Presenter, touchgfx::NoTransition, Model&rang;(touchgfx::Screen**, touchgfx::Presenter**, touchgfx::MVPHeap&, touchgfx::Transition**, T4*)
<LI><a href="#[31a]">&gt;&gt;</a>&nbsp;&nbsp;&nbsp;T2* touchgfx::makeTransition&lang;Screen1View, Screen1Presenter, touchgfx::NoTransition, Model&rang;(touchgfx::Screen**, touchgfx::Presenter**, touchgfx::MVPHeap&, touchgfx::Transition**, T4*)
</UL>

<P><STRONG><a name="[1b2]"></a>__sti___21_typedtextdatabase_cpp__fonts</STRONG> (Thumb, 36 bytes, Stack size 8 bytes, typedtextdatabase.o(i.__sti___21_typedtextdatabase_cpp__fonts))
<BR><BR>[Stack]<UL><LI>Max Depth = 148<LI>Call Chain = __sti___21_typedtextdatabase_cpp__fonts &rArr; getFont_verdana_40_4bpp() &rArr; touchgfx::GeneratedFont::GeneratedFont(const touchgfx::GlyphNode*, unsigned short, unsigned short, unsigned char, unsigned char, unsigned char, unsigned char, unsigned char, const unsigned char*const *, const touchgfx::KerningNode*, unsigned short, unsigned short, const unsigned short*) &rArr; touchgfx::ConstFont::ConstFont__sub_object(const touchgfx::GlyphNode*, unsigned short, unsigned short, unsigned char, unsigned char, unsigned char, unsigned char, unsigned char, unsigned short, unsigned short)
</UL>
<BR>[Calls]<UL><LI><a href="#[2e6]">&gt;&gt;</a>&nbsp;&nbsp;&nbsp;getFont_verdana_40_4bpp()
<LI><a href="#[2e5]">&gt;&gt;</a>&nbsp;&nbsp;&nbsp;getFont_verdana_10_4bpp()
<LI><a href="#[2e4]">&gt;&gt;</a>&nbsp;&nbsp;&nbsp;getFont_arial_30_4bpp()
<LI><a href="#[2e3]">&gt;&gt;</a>&nbsp;&nbsp;&nbsp;getFont_arial_20_4bpp()
<LI><a href="#[2e0]">&gt;&gt;</a>&nbsp;&nbsp;&nbsp;getFont_arial_14_4bpp()
</UL>
<BR>[Address Reference Count : 1]<UL><LI> typedtextdatabase.o(.init_array)
</UL>
<P><STRONG><a name="[339]"></a>_fp_digits</STRONG> (Thumb, 366 bytes, Stack size 64 bytes, printfa.o(i._fp_digits), UNUSED)
<BR><BR>[Calls]<UL><LI><a href="#[26b]">&gt;&gt;</a>&nbsp;&nbsp;&nbsp;__aeabi_dmul
<LI><a href="#[26c]">&gt;&gt;</a>&nbsp;&nbsp;&nbsp;__aeabi_ddiv
<LI><a href="#[265]">&gt;&gt;</a>&nbsp;&nbsp;&nbsp;__aeabi_dadd
<LI><a href="#[26d]">&gt;&gt;</a>&nbsp;&nbsp;&nbsp;__aeabi_d2ulz
<LI><a href="#[33a]">&gt;&gt;</a>&nbsp;&nbsp;&nbsp;__aeabi_cdrcmple
<LI><a href="#[25b]">&gt;&gt;</a>&nbsp;&nbsp;&nbsp;__aeabi_uldivmod
</UL>
<BR>[Called By]<UL><LI><a href="#[336]">&gt;&gt;</a>&nbsp;&nbsp;&nbsp;_printf_core
</UL>

<P><STRONG><a name="[336]"></a>_printf_core</STRONG> (Thumb, 1744 bytes, Stack size 136 bytes, printfa.o(i._printf_core), UNUSED)
<BR><BR>[Calls]<UL><LI><a href="#[33d]">&gt;&gt;</a>&nbsp;&nbsp;&nbsp;__aeabi_uidivmod
<LI><a href="#[33b]">&gt;&gt;</a>&nbsp;&nbsp;&nbsp;_printf_pre_padding
<LI><a href="#[33c]">&gt;&gt;</a>&nbsp;&nbsp;&nbsp;_printf_post_padding
<LI><a href="#[339]">&gt;&gt;</a>&nbsp;&nbsp;&nbsp;_fp_digits
<LI><a href="#[25b]">&gt;&gt;</a>&nbsp;&nbsp;&nbsp;__aeabi_uldivmod
</UL>
<BR>[Called By]<UL><LI><a href="#[337]">&gt;&gt;</a>&nbsp;&nbsp;&nbsp;__0sprintf
<LI><a href="#[335]">&gt;&gt;</a>&nbsp;&nbsp;&nbsp;__0printf
</UL>

<P><STRONG><a name="[33c]"></a>_printf_post_padding</STRONG> (Thumb, 36 bytes, Stack size 24 bytes, printfa.o(i._printf_post_padding), UNUSED)
<BR><BR>[Called By]<UL><LI><a href="#[336]">&gt;&gt;</a>&nbsp;&nbsp;&nbsp;_printf_core
</UL>

<P><STRONG><a name="[33b]"></a>_printf_pre_padding</STRONG> (Thumb, 46 bytes, Stack size 24 bytes, printfa.o(i._printf_pre_padding), UNUSED)
<BR><BR>[Called By]<UL><LI><a href="#[336]">&gt;&gt;</a>&nbsp;&nbsp;&nbsp;_printf_core
</UL>

<P><STRONG><a name="[79]"></a>_sputc</STRONG> (Thumb, 10 bytes, Stack size 0 bytes, printfa.o(i._sputc))
<BR><BR>[Called By]<UL><LI><a href="#[337]">&gt;&gt;</a>&nbsp;&nbsp;&nbsp;__0sprintf
</UL>
<BR>[Address Reference Count : 1]<UL><LI> printfa.o(i.__0sprintf)
</UL><P>
<H3>
Undefined Global Symbols
</H3><HR></body></html>
